Component: Arm Compiler for Embedded 6.19 Tool: armlink [5e73cb00]

==============================================================================

Section Cross References

    startup_stm32f429xx.o(RESET) refers to startup_stm32f429xx.o(STACK) for __initial_sp
    startup_stm32f429xx.o(RESET) refers to startup_stm32f429xx.o(.text) for Reset_Handler
    startup_stm32f429xx.o(RESET) refers to stm32f4xx_it.o(.text.NMI_Handler) for NMI_Handler
    startup_stm32f429xx.o(RESET) refers to stm32f4xx_it.o(.text.HardFault_Handler) for HardFault_Handler
    startup_stm32f429xx.o(RESET) refers to stm32f4xx_it.o(.text.MemManage_Handler) for MemManage_Handler
    startup_stm32f429xx.o(RESET) refers to stm32f4xx_it.o(.text.BusFault_Handler) for BusFault_Handler
    startup_stm32f429xx.o(RESET) refers to stm32f4xx_it.o(.text.UsageFault_Handler) for UsageFault_Handler
    startup_stm32f429xx.o(RESET) refers to port.o(.text.SVC_Handler) for SVC_Handler
    startup_stm32f429xx.o(RESET) refers to stm32f4xx_it.o(.text.DebugMon_Handler) for DebugMon_Handler
    startup_stm32f429xx.o(RESET) refers to port.o(.text.PendSV_Handler) for PendSV_Handler
    startup_stm32f429xx.o(RESET) refers to stm32f4xx_it.o(.text.SysTick_Handler) for SysTick_Handler
    startup_stm32f429xx.o(.text) refers to system_stm32f4xx.o(.text.SystemInit) for SystemInit
    startup_stm32f429xx.o(.text) refers to entry.o(.ARM.Collect$$$$00000000) for __main
    main.o(.text.task7Segment) refers to main.o(.bss..L_MergedGlobals) for .L_MergedGlobals
    main.o(.text.task7Segment) refers to stm32f4xx_hal_gpio.o(.text.HAL_GPIO_WritePin) for HAL_GPIO_WritePin
    main.o(.text.task7Segment) refers to tasks.o(.text.xTaskGetTickCount) for xTaskGetTickCount
    main.o(.text.task7Segment) refers to queue.o(.text.xQueueReceive) for xQueueReceive
    main.o(.text.task7Segment) refers to printf6.o(i.__0snprintf$6) for __2snprintf
    main.o(.text.task7Segment) refers to max7219_7segment.o(.text.Write_Max7219) for Write_Max7219
    main.o(.text.task7Segment) refers to stm32f4xx_hal_gpio.o(.text.HAL_GPIO_TogglePin) for HAL_GPIO_TogglePin
    main.o(.ARM.exidx.text.task7Segment) refers to main.o(.text.task7Segment) for [Anonymous Symbol]
    main.o(.text.taskBtn) refers to main.o(.bss..L_MergedGlobals) for .L_MergedGlobals
    main.o(.text.taskBtn) refers to main.o(.rodata.str1.1) for .Lstr.14
    main.o(.text.taskBtn) refers to puts.o(i.puts) for puts
    main.o(.text.taskBtn) refers to queue.o(.text.xQueueGenericSend) for xQueueGenericSend
    main.o(.text.taskBtn) refers to tasks.o(.text.xTaskGetTickCount) for xTaskGetTickCount
    main.o(.text.taskBtn) refers to stm32f4xx_hal_gpio.o(.text.HAL_GPIO_ReadPin) for HAL_GPIO_ReadPin
    main.o(.ARM.exidx.text.taskBtn) refers to main.o(.text.taskBtn) for [Anonymous Symbol]
    main.o(.text.main) refers to stm32f4xx_hal.o(.text.HAL_Init) for HAL_Init
    main.o(.text.main) refers to main.o(.text.SystemClock_Config) for SystemClock_Config
    main.o(.text.main) refers to gpio.o(.text.MX_GPIO_Init) for MX_GPIO_Init
    main.o(.text.main) refers to spi.o(.text.MX_SPI1_Init) for MX_SPI1_Init
    main.o(.text.main) refers to usart.o(.text.MX_USART3_UART_Init) for MX_USART3_UART_Init
    main.o(.text.main) refers to max7219_7segment.o(.text.Init_Max7219) for Init_Max7219
    main.o(.text.main) refers to puts.o(i.puts) for puts
    main.o(.text.main) refers to queue.o(.text.xQueueGenericCreate) for xQueueGenericCreate
    main.o(.text.main) refers to main.o(.bss..L_MergedGlobals) for .L_MergedGlobals
    main.o(.text.main) refers to main.o(.text.task7Segment) for task7Segment
    main.o(.text.main) refers to tasks.o(.text.xTaskCreate) for xTaskCreate
    main.o(.text.main) refers to main.o(.text.taskBtn) for taskBtn
    main.o(.text.main) refers to main.o(.rodata.str1.1) for .Lstr.14
    main.o(.text.main) refers to tasks.o(.text.vTaskStartScheduler) for vTaskStartScheduler
    main.o(.text.main) refers to cmsis_os2.o(.text.osKernelInitialize) for osKernelInitialize
    main.o(.text.main) refers to freertos.o(.text.MX_FREERTOS_Init) for MX_FREERTOS_Init
    main.o(.text.main) refers to cmsis_os2.o(.text.osKernelStart) for osKernelStart
    main.o(.ARM.exidx.text.main) refers to main.o(.text.main) for [Anonymous Symbol]
    main.o(.text.SystemClock_Config) refers to stm32f4xx_hal_rcc.o(.text.HAL_RCC_OscConfig) for HAL_RCC_OscConfig
    main.o(.text.SystemClock_Config) refers to stm32f4xx_hal_rcc.o(.text.HAL_RCC_ClockConfig) for HAL_RCC_ClockConfig
    main.o(.ARM.exidx.text.SystemClock_Config) refers to main.o(.text.SystemClock_Config) for [Anonymous Symbol]
    main.o(.ARM.exidx.text.Error_Handler) refers to main.o(.text.Error_Handler) for [Anonymous Symbol]
    gpio.o(.text.MX_GPIO_Init) refers to stm32f4xx_hal_gpio.o(.text.HAL_GPIO_WritePin) for HAL_GPIO_WritePin
    gpio.o(.text.MX_GPIO_Init) refers to stm32f4xx_hal_gpio.o(.text.HAL_GPIO_Init) for HAL_GPIO_Init
[...]
    Removing cmsis_os2.o(.ARM.exidx.text.osEventFlagsWait), (8 bytes).
    Removing cmsis_os2.o(.text.osEventFlagsDelete), (34 bytes).
    Removing cmsis_os2.o(.ARM.exidx.text.osEventFlagsDelete), (8 bytes).
    Removing cmsis_os2.o(.text.osMutexNew), (120 bytes).
    Removing cmsis_os2.o(.ARM.exidx.text.osMutexNew), (8 bytes).
    Removing cmsis_os2.o(.text.osMutexAcquire), (84 bytes).
    Removing cmsis_os2.o(.ARM.exidx.text.osMutexAcquire), (8 bytes).
    Removing cmsis_os2.o(.text.osMutexRelease), (74 bytes).
    Removing cmsis_os2.o(.ARM.exidx.text.osMutexRelease), (8 bytes).
    Removing cmsis_os2.o(.text.osMutexGetOwner), (20 bytes).
    Removing cmsis_os2.o(.ARM.exidx.text.osMutexGetOwner), (8 bytes).
    Removing cmsis_os2.o(.text.osMutexDelete), (46 bytes).
    Removing cmsis_os2.o(.ARM.exidx.text.osMutexDelete), (8 bytes).
    Removing cmsis_os2.o(.text.osSemaphoreNew), (184 bytes).
    Removing cmsis_os2.o(.ARM.exidx.text.osSemaphoreNew), (8 bytes).
    Removing cmsis_os2.o(.text.osSemaphoreAcquire), (108 bytes).
    Removing cmsis_os2.o(.ARM.exidx.text.osSemaphoreAcquire), (8 bytes).
    Removing cmsis_os2.o(.text.osSemaphoreRelease), (100 bytes).
    Removing cmsis_os2.o(.ARM.exidx.text.osSemaphoreRelease), (8 bytes).
    Removing cmsis_os2.o(.text.osSemaphoreGetCount), (24 bytes).
    Removing cmsis_os2.o(.ARM.exidx.text.osSemaphoreGetCount), (8 bytes).
    Removing cmsis_os2.o(.text.osSemaphoreDelete), (42 bytes).
    Removing cmsis_os2.o(.ARM.exidx.text.osSemaphoreDelete), (8 bytes).
    Removing cmsis_os2.o(.text.osMessageQueueNew), (148 bytes).
    Removing cmsis_os2.o(.ARM.exidx.text.osMessageQueueNew), (8 bytes).
    Removing cmsis_os2.o(.text.osMessageQueuePut), (168 bytes).
    Removing cmsis_os2.o(.ARM.exidx.text.osMessageQueuePut), (8 bytes).
    Removing cmsis_os2.o(.text.osMessageQueueGet), (136 bytes).
    Removing cmsis_os2.o(.ARM.exidx.text.osMessageQueueGet), (8 bytes).
    Removing cmsis_os2.o(.text.osMessageQueueGetCapacity), (10 bytes).
    Removing cmsis_os2.o(.ARM.exidx.text.osMessageQueueGetCapacity), (8 bytes).
    Removing cmsis_os2.o(.text.osMessageQueueGetMsgSize), (10 bytes).
    Removing cmsis_os2.o(.ARM.exidx.text.osMessageQueueGetMsgSize), (8 bytes).
    Removing cmsis_os2.o(.text.osMessageQueueGetCount), (24 bytes).
    Removing cmsis_os2.o(.ARM.exidx.text.osMessageQueueGetCount), (8 bytes).
    Removing cmsis_os2.o(.text.osMessageQueueGetSpace), (52 bytes).
    Removing cmsis_os2.o(.ARM.exidx.text.osMessageQueueGetSpace), (8 bytes).
    Removing cmsis_os2.o(.text.osMessageQueueReset), (38 bytes).
    Removing cmsis_os2.o(.ARM.exidx.text.osMessageQueueReset), (8 bytes).
    Removing cmsis_os2.o(.text.osMessageQueueDelete), (42 bytes).
    Removing cmsis_os2.o(.ARM.exidx.text.osMessageQueueDelete), (8 bytes).
    Removing cmsis_os2.o(.text.osMemoryPoolNew), (276 bytes).
    Removing cmsis_os2.o(.ARM.exidx.text.osMemoryPoolNew), (8 bytes).
    Removing cmsis_os2.o(.text.osMemoryPoolGetName), (24 bytes).
    Removing cmsis_os2.o(.ARM.exidx.text.osMemoryPoolGetName), (8 bytes).
    Removing cmsis_os2.o(.text.osMemoryPoolAlloc), (194 bytes).
    Removing cmsis_os2.o(.ARM.exidx.text.osMemoryPoolAlloc), (8 bytes).
    Removing cmsis_os2.o(.text.osMemoryPoolFree), (218 bytes).
    Removing cmsis_os2.o(.ARM.exidx.text.osMemoryPoolFree), (8 bytes).
    Removing cmsis_os2.o(.text.osMemoryPoolGetCapacity), (24 bytes).
    Removing cmsis_os2.o(.ARM.exidx.text.osMemoryPoolGetCapacity), (8 bytes).
    Removing cmsis_os2.o(.text.osMemoryPoolGetBlockSize), (24 bytes).
    Removing cmsis_os2.o(.ARM.exidx.text.osMemoryPoolGetBlockSize), (8 bytes).
    Removing cmsis_os2.o(.text.osMemoryPoolGetCount), (54 bytes).
    Removing cmsis_os2.o(.ARM.exidx.text.osMemoryPoolGetCount), (8 bytes).
    Removing cmsis_os2.o(.text.osMemoryPoolGetSpace), (40 bytes).
    Removing cmsis_os2.o(.ARM.exidx.text.osMemoryPoolGetSpace), (8 bytes).
    Removing cmsis_os2.o(.text.osMemoryPoolDelete), (110 bytes).
    Removing cmsis_os2.o(.ARM.exidx.text.osMemoryPoolDelete), (8 bytes).
    Removing cmsis_os2.o(.ARM.exidx.text.vApplicationGetIdleTaskMemory), (8 bytes).
    Removing cmsis_os2.o(.ARM.exidx.text.vApplicationGetTimerTaskMemory), (8 bytes).
    Removing heap_4.o(.text), (0 bytes).
    Removing heap_4.o(.ARM.exidx.text.pvPortMalloc), (8 bytes).
    Removing heap_4.o(.ARM.exidx.text.vPortFree), (8 bytes).
    Removing heap_4.o(.text.xPortGetFreeHeapSize), (12 bytes).
    Removing heap_4.o(.ARM.exidx.text.xPortGetFreeHeapSize), (8 bytes).
    Removing heap_4.o(.text.xPortGetMinimumEverFreeHeapSize), (12 bytes).
    Removing heap_4.o(.ARM.exidx.text.xPortGetMinimumEverFreeHeapSize), (8 bytes).
    Removing heap_4.o(.text.vPortInitialiseBlocks), (2 bytes).
    Removing heap_4.o(.ARM.exidx.text.vPortInitialiseBlocks), (8 bytes).
    Removing heap_4.o(.text.vPortGetHeapStats), (186 bytes).
    Removing heap_4.o(.ARM.exidx.text.vPortGetHeapStats), (8 bytes).
    Removing port.o(.text), (0 bytes).
    Removing port.o(.ARM.exidx.text.pxPortInitialiseStack), (8 bytes).
    Removing port.o(.ARM.exidx.text.prvTaskExitError), (8 bytes).
    Removing port.o(.ARM.exidx.text.SVC_Handler), (8 bytes).
    Removing port.o(.ARM.exidx.text.xPortStartScheduler), (8 bytes).
    Removing port.o(.ARM.exidx.text.vPortSetupTimerInterrupt), (8 bytes).
    Removing port.o(.ARM.exidx.text.vPortEnableVFP), (8 bytes).
    Removing port.o(.ARM.exidx.text.prvPortStartFirstTask), (8 bytes).
    Removing port.o(.text.vPortEndScheduler), (38 bytes).
    Removing port.o(.ARM.exidx.text.vPortEndScheduler), (8 bytes).
    Removing port.o(.ARM.exidx.text.vPortEnterCritical), (8 bytes).
    Removing port.o(.ARM.exidx.text.vPortExitCritical), (8 bytes).
    Removing port.o(.ARM.exidx.text.PendSV_Handler), (8 bytes).
    Removing port.o(.ARM.exidx.text.xPortSysTickHandler), (8 bytes).
    Removing port.o(.text.vPortValidateInterruptPriority), (94 bytes).
    Removing port.o(.ARM.exidx.text.vPortValidateInterruptPriority), (8 bytes).
    Removing max7219_7segment.o(.text), (0 bytes).
    Removing max7219_7segment.o(.ARM.exidx.text.Write_Max7219), (8 bytes).
    Removing max7219_7segment.o(.ARM.exidx.text.Init_Max7219), (8 bytes).
    Removing dadd.o(.text), (334 bytes).
    Removing dmul.o(.text), (228 bytes).
    Removing ddiv.o(.text), (222 bytes).
    Removing dfixul.o(.text), (48 bytes).
    Removing cdrcmple.o(.text), (48 bytes).
    Removing depilogue.o(.text), (186 bytes).

1000 unused section(s) (total 53806 bytes) removed from the image.

==============================================================================

Image Symbol Table

    Local Symbols

    Symbol Name                              Value     Ov Type        Size  Object(Section)

    ../clib/division.s                       0x00000000   Number         0  aeabi_sdiv.o ABSOLUTE
    ../clib/microlib/division.c              0x00000000   Number         0  uldiv.o ABSOLUTE
    ../clib/microlib/division.c              0x00000000   Number         0  uidiv.o ABSOLUTE
    ../clib/microlib/init/entry.s            0x00000000   Number         0  entry.o ABSOLUTE
    ../clib/microlib/init/entry.s            0x00000000   Number         0  entry2.o ABSOLUTE
    ../clib/microlib/init/entry.s            0x00000000   Number         0  entry5.o ABSOLUTE
    ../clib/microlib/init/entry.s            0x00000000   Number         0  entry7a.o ABSOLUTE
    ../clib/microlib/init/entry.s            0x00000000   Number         0  entry7b.o ABSOLUTE
    ../clib/microlib/init/entry.s            0x00000000   Number         0  entry8a.o ABSOLUTE
    ../clib/microlib/init/entry.s            0x00000000   Number         0  entry8b.o ABSOLUTE
    ../clib/microlib/init/entry.s            0x00000000   Number         0  entry9a.o ABSOLUTE
    ../clib/microlib/init/entry.s            0x00000000   Number         0  entry9b.o ABSOLUTE
    ../clib/microlib/init/entry.s            0x00000000   Number         0  entry10a.o ABSOLUTE
    ../clib/microlib/init/entry.s            0x00000000   Number         0  entry10b.o ABSOLUTE
    ../clib/microlib/init/entry.s            0x00000000   Number         0  entry11a.o ABSOLUTE
    ../clib/microlib/init/entry.s            0x00000000   Number         0  entry11b.o ABSOLUTE
    ../clib/microlib/longlong.c              0x00000000   Number         0  llshl.o ABSOLUTE
    ../clib/microlib/longlong.c              0x00000000   Number         0  llushr.o ABSOLUTE
    ../clib/microlib/longlong.c              0x00000000   Number         0  llsshr.o ABSOLUTE
    ../clib/microlib/printf/printf.c         0x00000000   Number         0  printfb.o ABSOLUTE
    ../clib/microlib/printf/printf.c         0x00000000   Number         0  printf0.o ABSOLUTE
    ../clib/microlib/printf/printf.c         0x00000000   Number         0  printf1.o ABSOLUTE
    ../clib/microlib/printf/printf.c         0x00000000   Number         0  printf2.o ABSOLUTE
    ../clib/microlib/printf/printf.c         0x00000000   Number         0  printf3.o ABSOLUTE
    ../clib/microlib/printf/printf.c         0x00000000   Number         0  printf4.o ABSOLUTE
    ../clib/microlib/printf/printf.c         0x00000000   Number         0  printf5.o ABSOLUTE
    ../clib/microlib/printf/printf.c         0x00000000   Number         0  printf6.o ABSOLUTE
    ../clib/microlib/printf/printf.c         0x00000000   Number         0  printf7.o ABSOLUTE
    ../clib/microlib/printf/printf.c         0x00000000   Number         0  printf8.o ABSOLUTE
    ../clib/microlib/printf/printf.c         0x00000000   Number         0  printfa.o ABSOLUTE
    ../clib/microlib/printf/stubs.s          0x00000000   Number         0  printfstubs.o ABSOLUTE
    ../clib/microlib/stdio/puts.c            0x00000000   Number         0  puts.o ABSOLUTE
    ../clib/microlib/stdio/puts.c            0x00000000   Number         0  puts_e.o ABSOLUTE
    ../clib/microlib/stdio/streams.c         0x00000000   Number         0  stdout.o ABSOLUTE
    ../clib/microlib/string/memcpy.c         0x00000000   Number         0  memcpya.o ABSOLUTE
    ../clib/microlib/string/memcpy.c         0x00000000   Number         0  memcpyb.o ABSOLUTE
    ../clib/microlib/string/memset.c         0x00000000   Number         0  memseta.o ABSOLUTE
    ../clib/microlib/stubs.s                 0x00000000   Number         0  iusefp.o ABSOLUTE
    ../fplib/microlib/fpadd.c                0x00000000   Number         0  dadd.o ABSOLUTE
    ../fplib/microlib/fpdiv.c                0x00000000   Number         0  ddiv.o ABSOLUTE
    ../fplib/microlib/fpepilogue.c           0x00000000   Number         0  depilogue.o ABSOLUTE
    ../fplib/microlib/fpfix.c                0x00000000   Number         0  dfixul.o ABSOLUTE
    ../fplib/microlib/fpmul.c                0x00000000   Number         0  dmul.o ABSOLUTE
    cdrcmple.s                               0x00000000   Number         0  cdrcmple.o ABSOLUTE
    cmsis_os2.c                              0x00000000   Number         0  cmsis_os2.o ABSOLUTE
    croutine.c                               0x00000000   Number         0  croutine.o ABSOLUTE
    dc.s                                     0x00000000   Number         0  dc.o ABSOLUTE
    event_groups.c                           0x00000000   Number         0  event_groups.o ABSOLUTE
    freertos.c                               0x00000000   Number         0  freertos.o ABSOLUTE
    gpio.c                                   0x00000000   Number         0  gpio.o ABSOLUTE
    handlers.s                               0x00000000   Number         0  handlers.o ABSOLUTE
    heap_4.c                                 0x00000000   Number         0  heap_4.o ABSOLUTE
    init.s                                   0x00000000   Number         0  init.o ABSOLUTE
    list.c                                   0x00000000   Number         0  list.o ABSOLUTE
    main.c                                   0x00000000   Number         0  main.o ABSOLUTE
    max7219_7segment.c                       0x00000000   Number         0  max7219_7segment.o ABSOLUTE
    port.c                                   0x00000000   Number         0  port.o ABSOLUTE
    queue.c                                  0x00000000   Number         0  queue.o ABSOLUTE
    spi.c                                    0x00000000   Number         0  spi.o ABSOLUTE
    startup_stm32f429xx.s                    0x00000000   Number         0  startup_stm32f429xx.o ABSOLUTE
    stm32f4xx_hal.c                          0x00000000   Number         0  stm32f4xx_hal.o ABSOLUTE
    stm32f4xx_hal_cortex.c                   0x00000000   Number         0  stm32f4xx_hal_cortex.o ABSOLUTE
    stm32f4xx_hal_dma.c                      0x00000000   Number         0  stm32f4xx_hal_dma.o ABSOLUTE
    stm32f4xx_hal_dma_ex.c                   0x00000000   Number         0  stm32f4xx_hal_dma_ex.o ABSOLUTE
    stm32f4xx_hal_exti.c                     0x00000000   Number         0  stm32f4xx_hal_exti.o ABSOLUTE
    stm32f4xx_hal_flash.c                    0x00000000   Number         0  stm32f4xx_hal_flash.o ABSOLUTE
    stm32f4xx_hal_flash_ex.c                 0x00000000   Number         0  stm32f4xx_hal_flash_ex.o ABSOLUTE
    stm32f4xx_hal_flash_ramfunc.c            0x00000000   Number         0  stm32f4xx_hal_flash_ramfunc.o ABSOLUTE
    stm32f4xx_hal_gpio.c                     0x00000000   Number         0  stm32f4xx_hal_gpio.o ABSOLUTE
    stm32f4xx_hal_msp.c                      0x00000000   Number         0  stm32f4xx_hal_msp.o ABSOLUTE
    stm32f4xx_hal_pwr.c                      0x00000000   Number         0  stm32f4xx_hal_pwr.o ABSOLUTE
    stm32f4xx_hal_pwr_ex.c                   0x00000000   Number         0  stm32f4xx_hal_pwr_ex.o ABSOLUTE
    stm32f4xx_hal_rcc.c                      0x00000000   Number         0  stm32f4xx_hal_rcc.o ABSOLUTE
    stm32f4xx_hal_rcc_ex.c                   0x00000000   Number         0  stm32f4xx_hal_rcc_ex.o ABSOLUTE
    stm32f4xx_hal_spi.c                      0x00000000   Number         0  stm32f4xx_hal_spi.o ABSOLUTE
    stm32f4xx_hal_tim.c                      0x00000000   Number         0  stm32f4xx_hal_tim.o ABSOLUTE
    stm32f4xx_hal_tim_ex.c                   0x00000000   Number         0  stm32f4xx_hal_tim_ex.o ABSOLUTE
    stm32f4xx_hal_uart.c                     0x00000000   Number         0  stm32f4xx_hal_uart.o ABSOLUTE
    stm32f4xx_it.c                           0x00000000   Number         0  stm32f4xx_it.o ABSOLUTE
    stream_buffer.c                          0x00000000   Number         0  stream_buffer.o ABSOLUTE
    system_stm32f4xx.c                       0x00000000   Number         0  system_stm32f4xx.o ABSOLUTE
    tasks.c                                  0x00000000   Number         0  tasks.o ABSOLUTE
    timers.c                                 0x00000000   Number         0  timers.o ABSOLUTE
    usart.c                                  0x00000000   Number         0  usart.o ABSOLUTE
    RESET                                    0x08000000   Section      428  startup_stm32f429xx.o(RESET)
    .ARM.Collect$$$$00000000                 0x080001ac   Section        0  entry.o(.ARM.Collect$$$$00000000)
    .ARM.Collect$$$$00000001                 0x080001ac   Section        4  entry2.o(.ARM.Collect$$$$00000001)
    .ARM.Collect$$$$00000004                 0x080001b0   Section        4  entry5.o(.ARM.Collect$$$$00000004)
    .ARM.Collect$$$$00000008                 0x080001b4   Section        0  entry7b.o(.ARM.Collect$$$$00000008)
    .ARM.Collect$$$$0000000A                 0x080001b4   Section        0  entry8b.o(.ARM.Collect$$$$0000000A)
    .ARM.Collect$$$$0000000B                 0x080001b4   Section        8  entry9a.o(.ARM.Collect$$$$0000000B)
    __lit__00000000                          0x080001bc   Data           4  entry2.o(.ARM.Collect$$$$00002712)
    .ARM.Collect$$$$0000000D                 0x080001bc   Section        0  entry10a.o(.ARM.Collect$$$$0000000D)
    .ARM.Collect$$$$0000000F                 0x080001bc   Section        0  entry11a.o(.ARM.Collect$$$$0000000F)
    .ARM.Collect$$$$00002712                 0x080001bc   Section        4  entry2.o(.ARM.Collect$$$$00002712)
    $v0                                      0x080001c0   Number         0  startup_stm32f429xx.o(.text)
    .text                                    0x080001c0   Section       36  startup_stm32f429xx.o(.text)
    .text                                    0x080001e4   Section        0  uldiv.o(.text)
    .text                                    0x08000246   Section        0  memcpya.o(.text)
    .text                                    0x0800026a   Section        0  memseta.o(.text)
    .text                                    0x0800028e   Section        0  uidiv.o(.text)
    .text                                    0x080002ba   Section        0  llshl.o(.text)
    .text                                    0x080002d8   Section        0  llushr.o(.text)
    .text                                    0x080002f8   Section       36  init.o(.text)
    [Anonymous Symbol]                       0x0800031c   Section        0  stm32f4xx_it.o(.text.BusFault_Handler)
    [Anonymous Symbol]                       0x08000320   Section        0  stm32f4xx_it.o(.text.DebugMon_Handler)
    [Anonymous Symbol]                       0x08000324   Section        0  main.o(.text.Error_Handler)
    [Anonymous Symbol]                       0x08000330   Section        0  stm32f4xx_hal_gpio.o(.text.HAL_GPIO_Init)
    [Anonymous Symbol]                       0x080004d8   Section        0  stm32f4xx_hal_gpio.o(.text.HAL_GPIO_ReadPin)
    [Anonymous Symbol]                       0x080004e4   Section        0  stm32f4xx_hal_gpio.o(.text.HAL_GPIO_TogglePin)
    [Anonymous Symbol]                       0x080004f4   Section        0  stm32f4xx_hal_gpio.o(.text.HAL_GPIO_WritePin)
    [Anonymous Symbol]                       0x08000500   Section        0  stm32f4xx_hal.o(.text.HAL_GetTick)
    [Anonymous Symbol]                       0x0800050c   Section        0  stm32f4xx_hal.o(.text.HAL_IncTick)
    [Anonymous Symbol]                       0x08000528   Section        0  stm32f4xx_hal.o(.text.HAL_Init)
    [Anonymous Symbol]                       0x08000560   Section        0  stm32f4xx_hal.o(.text.HAL_InitTick)
    [Anonymous Symbol]                       0x080005a8   Section        0  stm32f4xx_hal_msp.o(.text.HAL_MspInit)
    [Anonymous Symbol]                       0x080005ec   Section        0  stm32f4xx_hal_cortex.o(.text.HAL_NVIC_SetPriority)
    [Anonymous Symbol]                       0x08000644   Section        0  stm32f4xx_hal_cortex.o(.text.HAL_NVIC_SetPriorityGrouping)
    [Anonymous Symbol]                       0x08000664   Section        0  stm32f4xx_hal_rcc.o(.text.HAL_RCC_ClockConfig)
    [Anonymous Symbol]                       0x080007c4   Section        0  stm32f4xx_hal_rcc.o(.text.HAL_RCC_GetPCLK1Freq)
    [Anonymous Symbol]                       0x080007ec   Section        0  stm32f4xx_hal_rcc.o(.text.HAL_RCC_GetPCLK2Freq)
    [Anonymous Symbol]                       0x08000814   Section        0  stm32f4xx_hal_rcc.o(.text.HAL_RCC_GetSysClockFreq)
    [Anonymous Symbol]                       0x08000880   Section        0  stm32f4xx_hal_rcc.o(.text.HAL_RCC_OscConfig)
    [Anonymous Symbol]                       0x08000bf4   Section        0  stm32f4xx_hal_spi.o(.text.HAL_SPI_Init)
    [Anonymous Symbol]                       0x08000ca8   Section        0  spi.o(.text.HAL_SPI_MspInit)
    [Anonymous Symbol]                       0x08000d14   Section        0  stm32f4xx_hal_spi.o(.text.HAL_SPI_Transmit)
    [Anonymous Symbol]                       0x08000f68   Section        0  stm32f4xx_hal_cortex.o(.text.HAL_SYSTICK_Config)
    [Anonymous Symbol]                       0x08000f94   Section        0  stm32f4xx_hal_uart.o(.text.HAL_UART_Init)
    [Anonymous Symbol]                       0x08000ff4   Section        0  usart.o(.text.HAL_UART_MspInit)
    [Anonymous Symbol]                       0x08001060   Section        0  stm32f4xx_it.o(.text.HardFault_Handler)
    [Anonymous Symbol]                       0x08001064   Section        0  max7219_7segment.o(.text.Init_Max7219)
    [Anonymous Symbol]                       0x080011b8   Section        0  freertos.o(.text.MX_FREERTOS_Init)
    [Anonymous Symbol]                       0x080011dc   Section        0  gpio.o(.text.MX_GPIO_Init)
    [Anonymous Symbol]                       0x080012d4   Section        0  spi.o(.text.MX_SPI1_Init)
    [Anonymous Symbol]                       0x08001320   Section        0  usart.o(.text.MX_USART3_UART_Init)
    [Anonymous Symbol]                       0x0800135c   Section        0  stm32f4xx_it.o(.text.MemManage_Handler)
    [Anonymous Symbol]                       0x08001360   Section        0  stm32f4xx_it.o(.text.NMI_Handler)
    [Anonymous Symbol]                       0x08001370   Section        0  port.o(.text.PendSV_Handler)
    pxCurrentTCBConst                        0x080013d0   Number         0  port.o(.text.PendSV_Handler)
    SPI_WaitFlagStateUntilTimeout            0x080013d5   Thumb Code   228  stm32f4xx_hal_spi.o(.text.SPI_WaitFlagStateUntilTimeout)
    [Anonymous Symbol]                       0x080013d4   Section        0  stm32f4xx_hal_spi.o(.text.SPI_WaitFlagStateUntilTimeout)
    [Anonymous Symbol]                       0x080014c0   Section        0  port.o(.text.SVC_Handler)
    pxCurrentTCBConst2                       0x080014e0   Number         0  port.o(.text.SVC_Handler)
    [Anonymous Symbol]                       0x080014e4   Section        0  freertos.o(.text.StartDefaultTask)
    [Anonymous Symbol]                       0x080014ec   Section        0  stm32f4xx_it.o(.text.SysTick_Handler)
    [Anonymous Symbol]                       0x08001504   Section        0  main.o(.text.SystemClock_Config)
    [Anonymous Symbol]                       0x080015b4   Section        0  system_stm32f4xx.o(.text.SystemInit)
    UART_SetConfig                           0x080015c9   Thumb Code   238  stm32f4xx_hal_uart.o(.text.UART_SetConfig)
    [Anonymous Symbol]                       0x080015c8   Section        0  stm32f4xx_hal_uart.o(.text.UART_SetConfig)
    [Anonymous Symbol]                       0x080016b8   Section        0  stm32f4xx_it.o(.text.UsageFault_Handler)
    [Anonymous Symbol]                       0x080016bc   Section        0  max7219_7segment.o(.text.Write_Max7219)
    [Anonymous Symbol]                       0x08001710   Section        0  usart.o(.text.fputc)
    [Anonymous Symbol]                       0x08001738   Section        0  main.o(.text.main)
    [Anonymous Symbol]                       0x08001804   Section        0  cmsis_os2.o(.text.osDelay)
    [Anonymous Symbol]                       0x08001824   Section        0  cmsis_os2.o(.text.osKernelInitialize)
    [Anonymous Symbol]                       0x0800184c   Section        0  cmsis_os2.o(.text.osKernelStart)
    [Anonymous Symbol]                       0x08001888   Section        0  cmsis_os2.o(.text.osThreadNew)
    prvAddNewTaskToReadyList                 0x08001939   Thumb Code   650  tasks.o(.text.prvAddNewTaskToReadyList)
    [Anonymous Symbol]                       0x08001938   Section        0  tasks.o(.text.prvAddNewTaskToReadyList)
    prvIdleTask                              0x08001bc5   Thumb Code   134  tasks.o(.text.prvIdleTask)
    [Anonymous Symbol]                       0x08001bc4   Section        0  tasks.o(.text.prvIdleTask)
    prvInitialiseNewTask                     0x08001c4d   Thumb Code   296  tasks.o(.text.prvInitialiseNewTask)
    [Anonymous Symbol]                       0x08001c4c   Section        0  tasks.o(.text.prvInitialiseNewTask)
    prvPortStartFirstTask                    0x08001d75   Thumb Code    40  port.o(.text.prvPortStartFirstTask)
    [Anonymous Symbol]                       0x08001d74   Section        0  port.o(.text.prvPortStartFirstTask)
    prvTaskExitError                         0x08001d9d   Thumb Code    62  port.o(.text.prvTaskExitError)
    [Anonymous Symbol]                       0x08001d9c   Section        0  port.o(.text.prvTaskExitError)
    prvTimerTask                             0x08001ddd   Thumb Code   906  timers.o(.text.prvTimerTask)
    [Anonymous Symbol]                       0x08001ddc   Section        0  timers.o(.text.prvTimerTask)
    prvUnlockQueue                           0x08002169   Thumb Code   116  queue.o(.text.prvUnlockQueue)
    [Anonymous Symbol]                       0x08002168   Section        0  queue.o(.text.prvUnlockQueue)
    [Anonymous Symbol]                       0x080021dc   Section        0  heap_4.o(.text.pvPortMalloc)
    [Anonymous Symbol]                       0x080023e8   Section        0  port.o(.text.pxPortInitialiseStack)
    [Anonymous Symbol]                       0x08002410   Section        0  main.o(.text.task7Segment)
    [Anonymous Symbol]                       0x08002514   Section        0  main.o(.text.taskBtn)
    [Anonymous Symbol]                       0x08002674   Section        0  list.o(.text.uxListRemove)
    [Anonymous Symbol]                       0x08002698   Section        0  cmsis_os2.o(.text.vApplicationGetIdleTaskMemory)
    [Anonymous Symbol]                       0x080026b4   Section        0  cmsis_os2.o(.text.vApplicationGetTimerTaskMemory)
    [Anonymous Symbol]                       0x080026d0   Section        0  list.o(.text.vListInitialise)
    [Anonymous Symbol]                       0x080026e8   Section        0  list.o(.text.vListInitialiseItem)
    [Anonymous Symbol]                       0x080026f0   Section        0  list.o(.text.vListInsert)
    [Anonymous Symbol]                       0x08002754   Section        0  list.o(.text.vListInsertEnd)
    vPortEnableVFP                           0x08002771   Thumb Code    20  port.o(.text.vPortEnableVFP)
    [Anonymous Symbol]                       0x08002770   Section        0  port.o(.text.vPortEnableVFP)
    [Anonymous Symbol]                       0x08002784   Section        0  port.o(.text.vPortEnterCritical)
    [Anonymous Symbol]                       0x080027cc   Section        0  port.o(.text.vPortExitCritical)
    [Anonymous Symbol]                       0x080027fc   Section        0  heap_4.o(.text.vPortFree)
    [Anonymous Symbol]                       0x080028d0   Section        0  port.o(.text.vPortSetupTimerInterrupt)
    [Anonymous Symbol]                       0x08002904   Section        0  queue.o(.text.vQueueAddToRegistry)
    [Anonymous Symbol]                       0x080029b4   Section        0  queue.o(.text.vQueueWaitForMessageRestricted)
    [Anonymous Symbol]                       0x08002a08   Section        0  tasks.o(.text.vTaskDelay)
    [Anonymous Symbol]                       0x08002a88   Section        0  tasks.o(.text.vTaskInternalSetTimeOutState)
    [Anonymous Symbol]                       0x08002a9c   Section        0  tasks.o(.text.vTaskMissedYield)
    [Anonymous Symbol]                       0x08002aac   Section        0  tasks.o(.text.vTaskPlaceOnEventList)
    [Anonymous Symbol]                       0x08002b20   Section        0  tasks.o(.text.vTaskPlaceOnEventListRestricted)
    [Anonymous Symbol]                       0x08002b9c   Section        0  tasks.o(.text.vTaskStartScheduler)
    [Anonymous Symbol]                       0x08002c8c   Section        0  tasks.o(.text.vTaskSuspendAll)
    __tagsym$$used.0                         0x08002c9c   Number         0  tasks.o(.text.vTaskSwitchContext)
    [Anonymous Symbol]                       0x08002c9c   Section        0  tasks.o(.text.vTaskSwitchContext)
    [Anonymous Symbol]                       0x08002d58   Section        0  port.o(.text.xPortStartScheduler)
    [Anonymous Symbol]                       0x08002edc   Section        0  port.o(.text.xPortSysTickHandler)
    [Anonymous Symbol]                       0x08002f0c   Section        0  queue.o(.text.xQueueGenericCreate)
    [Anonymous Symbol]                       0x08002f94   Section        0  queue.o(.text.xQueueGenericCreateStatic)
    [Anonymous Symbol]                       0x08003074   Section        0  queue.o(.text.xQueueGenericSend)
    [Anonymous Symbol]                       0x080032a0   Section        0  queue.o(.text.xQueueReceive)
    [Anonymous Symbol]                       0x08003444   Section        0  tasks.o(.text.xTaskCheckForTimeOut)
    [Anonymous Symbol]                       0x080034e8   Section        0  tasks.o(.text.xTaskCreate)
    [Anonymous Symbol]                       0x08003548   Section        0  tasks.o(.text.xTaskCreateStatic)
    [Anonymous Symbol]                       0x080035c0   Section        0  tasks.o(.text.xTaskGetSchedulerState)
    [Anonymous Symbol]                       0x080035e0   Section        0  tasks.o(.text.xTaskGetTickCount)
    [Anonymous Symbol]                       0x080035ec   Section        0  tasks.o(.text.xTaskIncrementTick)
    [Anonymous Symbol]                       0x080036f0   Section        0  tasks.o(.text.xTaskPriorityDisinherit)
    [Anonymous Symbol]                       0x0800377c   Section        0  tasks.o(.text.xTaskRemoveFromEventList)
    [Anonymous Symbol]                       0x080037f0   Section        0  tasks.o(.text.xTaskResumeAll)
    [Anonymous Symbol]                       0x080038e0   Section        0  timers.o(.text.xTimerCreateTimerTask)
    i.__0snprintf$6                          0x08003994   Section        0  printf6.o(i.__0snprintf$6)
    i.__scatterload_copy                     0x080039c8   Section       14  handlers.o(i.__scatterload_copy)
    i.__scatterload_null                     0x080039d6   Section        2  handlers.o(i.__scatterload_null)
    i.__scatterload_zeroinit                 0x080039d8   Section       14  handlers.o(i.__scatterload_zeroinit)
    _printf_core                             0x080039e9   Thumb Code   748  printf6.o(i._printf_core)
    i._printf_core                           0x080039e8   Section        0  printf6.o(i._printf_core)
    _printf_post_padding                     0x08003cd9   Thumb Code    36  printf6.o(i._printf_post_padding)
    i._printf_post_padding                   0x08003cd8   Section        0  printf6.o(i._printf_post_padding)
    _printf_pre_padding                      0x08003cfd   Thumb Code    46  printf6.o(i._printf_pre_padding)
    i._printf_pre_padding                    0x08003cfc   Section        0  printf6.o(i._printf_pre_padding)
    _snputc                                  0x08003d2b   Thumb Code    22  printf6.o(i._snputc)
    i._snputc                                0x08003d2a   Section        0  printf6.o(i._snputc)
    i.puts                                   0x08003d40   Section        0  puts.o(i.puts)
    .Lstr.14                                 0x08003da0   Data          23  main.o(.rodata.str1.1)
    [Anonymous Symbol]                       0x08003da0   Section        0  main.o(.rodata.str1.1)
    [Anonymous Symbol]                       0x08003db7   Section        0  freertos.o(.rodata.str1.1)
    .L.str.1                                 0x08003dc3   Data           5  timers.o(.rodata.str1.1)
    [Anonymous Symbol]                       0x08003dc3   Section        0  timers.o(.rodata.str1.1)
    .data                                    0x20000000   Section        4  stdout.o(.data)
    .L_MergedGlobals                         0x20000004   Data           8  stm32f4xx_hal.o(.data..L_MergedGlobals)
    [Anonymous Symbol]                       0x20000004   Section        0  stm32f4xx_hal.o(.data..L_MergedGlobals)
    uxCriticalNesting                        0x20000010   Data           4  port.o(.data.uxCriticalNesting)
    [Anonymous Symbol]                       0x20000010   Section        0  port.o(.data.uxCriticalNesting)
    .L_MergedGlobals                         0x20000018   Data          12  main.o(.bss..L_MergedGlobals)
    [Anonymous Symbol]                       0x20000018   Section        0  main.o(.bss..L_MergedGlobals)
    .L_MergedGlobals                         0x20000024   Data         120  tasks.o(.bss..L_MergedGlobals)
    [Anonymous Symbol]                       0x20000024   Section        0  tasks.o(.bss..L_MergedGlobals)
    uxTaskNumber                             0x20000028   Data           4  tasks.o(.bss..L_MergedGlobals)
    uxDeletedTasksWaitingCleanUp             0x2000002c   Data           4  tasks.o(.bss..L_MergedGlobals)
    uxCurrentNumberOfTasks                   0x20000030   Data           4  tasks.o(.bss..L_MergedGlobals)
    xSchedulerRunning                        0x20000034   Data           4  tasks.o(.bss..L_MergedGlobals)
    uxSchedulerSuspended                     0x20000038   Data           4  tasks.o(.bss..L_MergedGlobals)
    xTickCount                               0x2000003c   Data           4  tasks.o(.bss..L_MergedGlobals)
    pxDelayedTaskList                        0x20000040   Data           4  tasks.o(.bss..L_MergedGlobals)
    pxOverflowDelayedTaskList                0x20000044   Data           4  tasks.o(.bss..L_MergedGlobals)
    uxTopReadyPriority                       0x20000048   Data           4  tasks.o(.bss..L_MergedGlobals)
    xIdleTaskHandle                          0x2000004c   Data           4  tasks.o(.bss..L_MergedGlobals)
    xNextTaskUnblockTime                     0x20000050   Data           4  tasks.o(.bss..L_MergedGlobals)
    xYieldPending                            0x20000054   Data           4  tasks.o(.bss..L_MergedGlobals)
    xPendedTicks                             0x20000058   Data           4  tasks.o(.bss..L_MergedGlobals)
    xNumOfOverflows                          0x2000005c   Data           4  tasks.o(.bss..L_MergedGlobals)
    xTasksWaitingTermination                 0x20000060   Data          20  tasks.o(.bss..L_MergedGlobals)
    xSuspendedTaskList                       0x20000074   Data          20  tasks.o(.bss..L_MergedGlobals)
    xPendingReadyList                        0x20000088   Data          20  tasks.o(.bss..L_MergedGlobals)
    .L_MergedGlobals                         0x2000009c   Data          60  timers.o(.bss..L_MergedGlobals)
    xTimerQueue                              0x2000009c   Data           4  timers.o(.bss..L_MergedGlobals)
    [Anonymous Symbol]                       0x2000009c   Section        0  timers.o(.bss..L_MergedGlobals)
    xTimerTaskHandle                         0x200000a0   Data           4  timers.o(.bss..L_MergedGlobals)
    pxCurrentTimerList                       0x200000a4   Data           4  timers.o(.bss..L_MergedGlobals)
    pxOverflowTimerList                      0x200000a8   Data           4  timers.o(.bss..L_MergedGlobals)
    prvSampleTimeNow.xLastTime               0x200000ac   Data           4  timers.o(.bss..L_MergedGlobals)
    xActiveTimerList1                        0x200000b0   Data          20  timers.o(.bss..L_MergedGlobals)
    xActiveTimerList2                        0x200000c4   Data          20  timers.o(.bss..L_MergedGlobals)
    .L_MergedGlobals                         0x200000d8   Data          32  heap_4.o(.bss..L_MergedGlobals)
    xBlockAllocatedBit                       0x200000d8   Data           1  heap_4.o(.bss..L_MergedGlobals)
    [Anonymous Symbol]                       0x200000d8   Section        0  heap_4.o(.bss..L_MergedGlobals)
    pxEnd                                    0x200000dc   Data           4  heap_4.o(.bss..L_MergedGlobals)
    xFreeBytesRemaining                      0x200000e0   Data           4  heap_4.o(.bss..L_MergedGlobals)
    xMinimumEverFreeBytesRemaining           0x200000e4   Data           4  heap_4.o(.bss..L_MergedGlobals)
    xNumberOfSuccessfulAllocations           0x200000e8   Data           4  heap_4.o(.bss..L_MergedGlobals)
    xNumberOfSuccessfulFrees                 0x200000ec   Data           4  heap_4.o(.bss..L_MergedGlobals)
    xStart                                   0x200000f0   Data           8  heap_4.o(.bss..L_MergedGlobals)
    .L_MergedGlobals                         0x200000f8   Data           8  port.o(.bss..L_MergedGlobals)
    ucMaxSysCallPriority                     0x200000f8   Data           1  port.o(.bss..L_MergedGlobals)
    [Anonymous Symbol]                       0x200000f8   Section        0  port.o(.bss..L_MergedGlobals)
    ulMaxPRIGROUPValue                       0x200000fc   Data           4  port.o(.bss..L_MergedGlobals)
    .L_MergedGlobals.1                       0x20000100   Data          40  tasks.o(.bss..L_MergedGlobals.1)
    xDelayedTaskList1                        0x20000100   Data          20  tasks.o(.bss..L_MergedGlobals.1)
    [Anonymous Symbol]                       0x20000100   Section        0  tasks.o(.bss..L_MergedGlobals.1)
    xDelayedTaskList2                        0x20000114   Data          20  tasks.o(.bss..L_MergedGlobals.1)
    KernelState                              0x20000128   Data           4  cmsis_os2.o(.bss.KernelState)
    [Anonymous Symbol]                       0x20000128   Section        0  cmsis_os2.o(.bss.KernelState)
    prvCheckForValidListAndQueue.ucStaticTimerQueueStorage 0x200001cc   Data         160  timers.o(.bss.prvCheckForValidListAndQueue.ucStaticTimerQueueStorage)
    [Anonymous Symbol]                       0x200001cc   Section        0  timers.o(.bss.prvCheckForValidListAndQueue.ucStaticTimerQueueStorage)
    prvCheckForValidListAndQueue.xStaticTimerQueue 0x2000026c   Data          80  timers.o(.bss.prvCheckForValidListAndQueue.xStaticTimerQueue)
    [Anonymous Symbol]                       0x2000026c   Section        0  timers.o(.bss.prvCheckForValidListAndQueue.xStaticTimerQueue)
    pxReadyTasksLists                        0x200002bc   Data        1120  tasks.o(.bss.pxReadyTasksLists)
    [Anonymous Symbol]                       0x200002bc   Section        0  tasks.o(.bss.pxReadyTasksLists)
    ucHeap                                   0x2000071c   Data       15360  heap_4.o(.bss.ucHeap)
    [Anonymous Symbol]                       0x2000071c   Section        0  heap_4.o(.bss.ucHeap)
    vApplicationGetIdleTaskMemory.Idle_Stack 0x20004320   Data         512  cmsis_os2.o(.bss.vApplicationGetIdleTaskMemory.Idle_Stack)
    [Anonymous Symbol]                       0x20004320   Section        0  cmsis_os2.o(.bss.vApplicationGetIdleTaskMemory.Idle_Stack)
    vApplicationGetIdleTaskMemory.Idle_TCB   0x20004520   Data          92  cmsis_os2.o(.bss.vApplicationGetIdleTaskMemory.Idle_TCB)
    [Anonymous Symbol]                       0x20004520   Section        0  cmsis_os2.o(.bss.vApplicationGetIdleTaskMemory.Idle_TCB)
    vApplicationGetTimerTaskMemory.Timer_Stack 0x2000457c   Data        1024  cmsis_os2.o(.bss.vApplicationGetTimerTaskMemory.Timer_Stack)
    [Anonymous Symbol]                       0x2000457c   Section        0  cmsis_os2.o(.bss.vApplicationGetTimerTaskMemory.Timer_Stack)
    vApplicationGetTimerTaskMemory.Timer_TCB 0x2000497c   Data          92  cmsis_os2.o(.bss.vApplicationGetTimerTaskMemory.Timer_TCB)
    [Anonymous Symbol]                       0x2000497c   Section        0  cmsis_os2.o(.bss.vApplicationGetTimerTaskMemory.Timer_TCB)
    STACK                                    0x20004a18   Section     1024  startup_stm32f429xx.o(STACK)

    Global Symbols

    Symbol Name                              Value     Ov Type        Size  Object(Section)

    BuildAttributes$$THM_ISAv4$E$P$D$K$B$S$7EM$VFPi3$EXTD16$VFPS$VFMA$PE$A:L22UL41UL21$X:L11$S22US41US21$IEEE1$IW$~IW$USESV6$~STKCKD$USESV7$~SHL$OTIME$ROPI$EBA8$MICROLIB$REQ8$PRES8$EABIv2 0x00000000   Number         0  anon$$obj.o ABSOLUTE
    _printf_a                                0x00000000   Number         0  printfstubs.o ABSOLUTE
    _printf_c                                0x00000000   Number         0  printfstubs.o ABSOLUTE
    _printf_charcount                        0x00000000   Number         0  printfstubs.o ABSOLUTE
    _printf_d                                0x00000000   Number         0  printfstubs.o ABSOLUTE
    _printf_e                                0x00000000   Number         0  printfstubs.o ABSOLUTE
    _printf_f                                0x00000000   Number         0  printfstubs.o ABSOLUTE
    _printf_flags                            0x00000000   Number         0  printfstubs.o ABSOLUTE
    _printf_fp_dec                           0x00000000   Number         0  printfstubs.o ABSOLUTE
    _printf_fp_hex                           0x00000000   Number         0  printfstubs.o ABSOLUTE
    _printf_g                                0x00000000   Number         0  printfstubs.o ABSOLUTE
    _printf_i                                0x00000000   Number         0  printfstubs.o ABSOLUTE
    _printf_int_dec                          0x00000000   Number         0  printfstubs.o ABSOLUTE
    _printf_l                                0x00000000   Number         0  printfstubs.o ABSOLUTE
    _printf_lc                               0x00000000   Number         0  printfstubs.o ABSOLUTE
    _printf_ll                               0x00000000   Number         0  printfstubs.o ABSOLUTE
    _printf_lld                              0x00000000   Number         0  printfstubs.o ABSOLUTE
    _printf_lli                              0x00000000   Number         0  printfstubs.o ABSOLUTE
    _printf_llo                              0x00000000   Number         0  printfstubs.o ABSOLUTE
    _printf_llu                              0x00000000   Number         0  printfstubs.o ABSOLUTE
    _printf_llx                              0x00000000   Number         0  printfstubs.o ABSOLUTE
    _printf_longlong_dec                     0x00000000   Number         0  printfstubs.o ABSOLUTE
    _printf_longlong_hex                     0x00000000   Number         0  printfstubs.o ABSOLUTE
    _printf_longlong_oct                     0x00000000   Number         0  printfstubs.o ABSOLUTE
    _printf_ls                               0x00000000   Number         0  printfstubs.o ABSOLUTE
    _printf_mbtowc                           0x00000000   Number         0  printfstubs.o ABSOLUTE
    _printf_n                                0x00000000   Number         0  printfstubs.o ABSOLUTE
    _printf_o                                0x00000000   Number         0  printfstubs.o ABSOLUTE
    _printf_p                                0x00000000   Number         0  printfstubs.o ABSOLUTE
    _printf_percent                          0x00000000   Number         0  printfstubs.o ABSOLUTE
    _printf_pre_padding                      0x00000000   Number         0  printfstubs.o ABSOLUTE
    _printf_return_value                     0x00000000   Number         0  printfstubs.o ABSOLUTE
    _printf_s                                0x00000000   Number         0  printfstubs.o ABSOLUTE
    _printf_sizespec                         0x00000000   Number         0  printfstubs.o ABSOLUTE
    _printf_str                              0x00000000   Number         0  printfstubs.o ABSOLUTE
    _printf_truncate_signed                  0x00000000   Number         0  printfstubs.o ABSOLUTE
    _printf_truncate_unsigned                0x00000000   Number         0  printfstubs.o ABSOLUTE
    _printf_u                                0x00000000   Number         0  printfstubs.o ABSOLUTE
    _printf_wc                               0x00000000   Number         0  printfstubs.o ABSOLUTE
    _printf_wctomb                           0x00000000   Number         0  printfstubs.o ABSOLUTE
    _printf_widthprec                        0x00000000   Number         0  printfstubs.o ABSOLUTE
    _printf_x                                0x00000000   Number         0  printfstubs.o ABSOLUTE
    __cpp_initialize__aeabi_                  - Undefined Weak Reference
    __cxa_finalize                            - Undefined Weak Reference
    __decompress                              - Undefined Weak Reference
    _clock_init                               - Undefined Weak Reference
    _microlib_exit                            - Undefined Weak Reference
    __Vectors_Size                           0x000001ac   Number         0  startup_stm32f429xx.o ABSOLUTE
    __Vectors                                0x08000000   Data           4  startup_stm32f429xx.o(RESET)
    __Vectors_End                            0x080001ac   Data           0  startup_stm32f429xx.o(RESET)
    __main                                   0x080001ad   Thumb Code     0  entry.o(.ARM.Collect$$$$00000000)
    _main_stk                                0x080001ad   Thumb Code     0  entry2.o(.ARM.Collect$$$$00000001)
    _main_scatterload                        0x080001b1   Thumb Code     0  entry5.o(.ARM.Collect$$$$00000004)
    __main_after_scatterload                 0x080001b5   Thumb Code     0  entry5.o(.ARM.Collect$$$$00000004)
    _main_clock                              0x080001b5   Thumb Code     0  entry7b.o(.ARM.Collect$$$$00000008)
    _main_cpp_init                           0x080001b5   Thumb Code     0  entry8b.o(.ARM.Collect$$$$0000000A)
    _main_init                               0x080001b5   Thumb Code     0  entry9a.o(.ARM.Collect$$$$0000000B)
    __rt_final_cpp                           0x080001bd   Thumb Code     0  entry10a.o(.ARM.Collect$$$$0000000D)
    __rt_final_exit                          0x080001bd   Thumb Code     0  entry11a.o(.ARM.Collect$$$$0000000F)
    Reset_Handler                            0x080001c1   Thumb Code     8  startup_stm32f429xx.o(.text)
    ADC_IRQHandler                           0x080001db   Thumb Code     0  startup_stm32f429xx.o(.text)
    CAN1_RX0_IRQHandler                      0x080001db   Thumb Code     0  startup_stm32f429xx.o(.text)
    CAN1_RX1_IRQHandler                      0x080001db   Thumb Code     0  startup_stm32f429xx.o(.text)
    CAN1_SCE_IRQHandler                      0x080001db   Thumb Code     0  startup_stm32f429xx.o(.text)
    CAN1_TX_IRQHandler                       0x080001db   Thumb Code     0  startup_stm32f429xx.o(.text)
    CAN2_RX0_IRQHandler                      0x080001db   Thumb Code     0  startup_stm32f429xx.o(.text)
    CAN2_RX1_IRQHandler                      0x080001db   Thumb Code     0  startup_stm32f429xx.o(.text)
    CAN2_SCE_IRQHandler                      0x080001db   Thumb Code     0  startup_stm32f429xx.o(.text)
    CAN2_TX_IRQHandler                       0x080001db   Thumb Code     0  startup_stm32f429xx.o(.text)
    DCMI_IRQHandler                          0x080001db   Thumb Code     0  startup_stm32f429xx.o(.text)
    DMA1_Stream0_IRQHandler                  0x080001db   Thumb Code     0  startup_stm32f429xx.o(.text)
    DMA1_Stream1_IRQHandler                  0x080001db   Thumb Code     0  startup_stm32f429xx.o(.text)
    DMA1_Stream2_IRQHandler                  0x080001db   Thumb Code     0  startup_stm32f429xx.o(.text)
    DMA1_Stream3_IRQHandler                  0x080001db   Thumb Code     0  startup_stm32f429xx.o(.text)
    DMA1_Stream4_IRQHandler                  0x080001db   Thumb Code     0  startup_stm32f429xx.o(.text)
    DMA1_Stream5_IRQHandler                  0x080001db   Thumb Code     0  startup_stm32f429xx.o(.text)
    DMA1_Stream6_IRQHandler                  0x080001db   Thumb Code     0  startup_stm32f429xx.o(.text)
    DMA1_Stream7_IRQHandler                  0x080001db   Thumb Code     0  startup_stm32f429xx.o(.text)
    DMA2D_IRQHandler                         0x080001db   Thumb Code     0  startup_stm32f429xx.o(.text)
    DMA2_Stream0_IRQHandler                  0x080001db   Thumb Code     0  startup_stm32f429xx.o(.text)
    DMA2_Stream1_IRQHandler                  0x080001db   Thumb Code     0  startup_stm32f429xx.o(.text)
    DMA2_Stream2_IRQHandler                  0x080001db   Thumb Code     0  startup_stm32f429xx.o(.text)
    DMA2_Stream3_IRQHandler                  0x080001db   Thumb Code     0  startup_stm32f429xx.o(.text)
    DMA2_Stream4_IRQHandler                  0x080001db   Thumb Code     0  startup_stm32f429xx.o(.text)
    DMA2_Stream5_IRQHandler                  0x080001db   Thumb Code     0  startup_stm32f429xx.o(.text)
    DMA2_Stream6_IRQHandler                  0x080001db   Thumb Code     0  startup_stm32f429xx.o(.text)
    DMA2_Stream7_IRQHandler                  0x080001db   Thumb Code     0  startup_stm32f429xx.o(.text)
    ETH_IRQHandler                           0x080001db   Thumb Code     0  startup_stm32f429xx.o(.text)
    ETH_WKUP_IRQHandler                      0x080001db   Thumb Code     0  startup_stm32f429xx.o(.text)
    EXTI0_IRQHandler                         0x080001db   Thumb Code     0  startup_stm32f429xx.o(.text)
    EXTI15_10_IRQHandler                     0x080001db   Thumb Code     0  startup_stm32f429xx.o(.text)
    EXTI1_IRQHandler                         0x080001db   Thumb Code     0  startup_stm32f429xx.o(.text)
    EXTI2_IRQHandler                         0x080001db   Thumb Code     0  startup_stm32f429xx.o(.text)
    EXTI3_IRQHandler                         0x080001db   Thumb Code     0  startup_stm32f429xx.o(.text)
    EXTI4_IRQHandler                         0x080001db   Thumb Code     0  startup_stm32f429xx.o(.text)
    EXTI9_5_IRQHandler                       0x080001db   Thumb Code     0  startup_stm32f429xx.o(.text)
    FLASH_IRQHandler                         0x080001db   Thumb Code     0  startup_stm32f429xx.o(.text)
    FMC_IRQHandler                           0x080001db   Thumb Code     0  startup_stm32f429xx.o(.text)
    FPU_IRQHandler                           0x080001db   Thumb Code     0  startup_stm32f429xx.o(.text)
    HASH_RNG_IRQHandler                      0x080001db   Thumb Code     0  startup_stm32f429xx.o(.text)
    I2C1_ER_IRQHandler                       0x080001db   Thumb Code     0  startup_stm32f429xx.o(.text)
    I2C1_EV_IRQHandler                       0x080001db   Thumb Code     0  startup_stm32f429xx.o(.text)
    I2C2_ER_IRQHandler                       0x080001db   Thumb Code     0  startup_stm32f429xx.o(.text)
    I2C2_EV_IRQHandler                       0x080001db   Thumb Code     0  startup_stm32f429xx.o(.text)
    I2C3_ER_IRQHandler                       0x080001db   Thumb Code     0  startup_stm32f429xx.o(.text)
    I2C3_EV_IRQHandler                       0x080001db   Thumb Code     0  startup_stm32f429xx.o(.text)
    LTDC_ER_IRQHandler                       0x080001db   Thumb Code     0  startup_stm32f429xx.o(.text)
    LTDC_IRQHandler                          0x080001db   Thumb Code     0  startup_stm32f429xx.o(.text)
    OTG_FS_IRQHandler                        0x080001db   Thumb Code     0  startup_stm32f429xx.o(.text)
    OTG_FS_WKUP_IRQHandler                   0x080001db   Thumb Code     0  startup_stm32f429xx.o(.text)
    OTG_HS_EP1_IN_IRQHandler                 0x080001db   Thumb Code     0  startup_stm32f429xx.o(.text)
    OTG_HS_EP1_OUT_IRQHandler                0x080001db   Thumb Code     0  startup_stm32f429xx.o(.text)
    OTG_HS_IRQHandler                        0x080001db   Thumb Code     0  startup_stm32f429xx.o(.text)
    OTG_HS_WKUP_IRQHandler                   0x080001db   Thumb Code     0  startup_stm32f429xx.o(.text)
    PVD_IRQHandler                           0x080001db   Thumb Code     0  startup_stm32f429xx.o(.text)
    RCC_IRQHandler                           0x080001db   Thumb Code     0  startup_stm32f429xx.o(.text)
    RTC_Alarm_IRQHandler                     0x080001db   Thumb Code     0  startup_stm32f429xx.o(.text)
    RTC_WKUP_IRQHandler                      0x080001db   Thumb Code     0  startup_stm32f429xx.o(.text)
    SAI1_IRQHandler                          0x080001db   Thumb Code     0  startup_stm32f429xx.o(.text)
    SDIO_IRQHandler                          0x080001db   Thumb Code     0  startup_stm32f429xx.o(.text)
    SPI1_IRQHandler                          0x080001db   Thumb Code     0  startup_stm32f429xx.o(.text)
    SPI2_IRQHandler                          0x080001db   Thumb Code     0  startup_stm32f429xx.o(.text)
    SPI3_IRQHandler                          0x080001db   Thumb Code     0  startup_stm32f429xx.o(.text)
    SPI4_IRQHandler                          0x080001db   Thumb Code     0  startup_stm32f429xx.o(.text)
    SPI5_IRQHandler                          0x080001db   Thumb Code     0  startup_stm32f429xx.o(.text)
    SPI6_IRQHandler                          0x080001db   Thumb Code     0  startup_stm32f429xx.o(.text)
    TAMP_STAMP_IRQHandler                    0x080001db   Thumb Code     0  startup_stm32f429xx.o(.text)
    TIM1_BRK_TIM9_IRQHandler                 0x080001db   Thumb Code     0  startup_stm32f429xx.o(.text)
    TIM1_CC_IRQHandler                       0x080001db   Thumb Code     0  startup_stm32f429xx.o(.text)
    TIM1_TRG_COM_TIM11_IRQHandler            0x080001db   Thumb Code     0  startup_stm32f429xx.o(.text)
    TIM1_UP_TIM10_IRQHandler                 0x080001db   Thumb Code     0  startup_stm32f429xx.o(.text)
    TIM2_IRQHandler                          0x080001db   Thumb Code     0  startup_stm32f429xx.o(.text)
    TIM3_IRQHandler                          0x080001db   Thumb Code     0  startup_stm32f429xx.o(.text)
    TIM4_IRQHandler                          0x080001db   Thumb Code     0  startup_stm32f429xx.o(.text)
    TIM5_IRQHandler                          0x080001db   Thumb Code     0  startup_stm32f429xx.o(.text)
    TIM6_DAC_IRQHandler                      0x080001db   Thumb Code     0  startup_stm32f429xx.o(.text)
    TIM7_IRQHandler                          0x080001db   Thumb Code     0  startup_stm32f429xx.o(.text)
    TIM8_BRK_TIM12_IRQHandler                0x080001db   Thumb Code     0  startup_stm32f429xx.o(.text)
    TIM8_CC_IRQHandler                       0x080001db   Thumb Code     0  startup_stm32f429xx.o(.text)
    TIM8_TRG_COM_TIM14_IRQHandler            0x080001db   Thumb Code     0  startup_stm32f429xx.o(.text)
    TIM8_UP_TIM13_IRQHandler                 0x080001db   Thumb Code     0  startup_stm32f429xx.o(.text)
    UART4_IRQHandler                         0x080001db   Thumb Code     0  startup_stm32f429xx.o(.text)
    UART5_IRQHandler                         0x080001db   Thumb Code     0  startup_stm32f429xx.o(.text)
    UART7_IRQHandler                         0x080001db   Thumb Code     0  startup_stm32f429xx.o(.text)
    UART8_IRQHandler                         0x080001db   Thumb Code     0  startup_stm32f429xx.o(.text)
    USART1_IRQHandler                        0x080001db   Thumb Code     0  startup_stm32f429xx.o(.text)
    USART2_IRQHandler                        0x080001db   Thumb Code     0  startup_stm32f429xx.o(.text)
    USART3_IRQHandler                        0x080001db   Thumb Code     0  startup_stm32f429xx.o(.text)
    USART6_IRQHandler                        0x080001db   Thumb Code     0  startup_stm32f429xx.o(.text)
    WWDG_IRQHandler                          0x080001db   Thumb Code     0  startup_stm32f429xx.o(.text)
    __aeabi_uldivmod                         0x080001e5   Thumb Code    98  uldiv.o(.text)
    __aeabi_memcpy                           0x08000247   Thumb Code    36  memcpya.o(.text)
    __aeabi_memcpy4                          0x08000247   Thumb Code     0  memcpya.o(.text)
    __aeabi_memcpy8                          0x08000247   Thumb Code     0  memcpya.o(.text)
    __aeabi_memset                           0x0800026b   Thumb Code    14  memseta.o(.text)
    __aeabi_memset4                          0x0800026b   Thumb Code     0  memseta.o(.text)
    __aeabi_memset8                          0x0800026b   Thumb Code     0  memseta.o(.text)
    __aeabi_memclr                           0x08000279   Thumb Code     4  memseta.o(.text)
    __aeabi_memclr4                          0x08000279   Thumb Code     0  memseta.o(.text)
    __aeabi_memclr8                          0x08000279   Thumb Code     0  memseta.o(.text)
    _memset$wrapper                          0x0800027d   Thumb Code    18  memseta.o(.text)
    __aeabi_uidiv                            0x0800028f   Thumb Code     0  uidiv.o(.text)
    __aeabi_uidivmod                         0x0800028f   Thumb Code    44  uidiv.o(.text)
    __aeabi_llsl                             0x080002bb   Thumb Code    30  llshl.o(.text)
    _ll_shift_l                              0x080002bb   Thumb Code     0  llshl.o(.text)
    __aeabi_llsr                             0x080002d9   Thumb Code    32  llushr.o(.text)
    _ll_ushift_r                             0x080002d9   Thumb Code     0  llushr.o(.text)
    __scatterload                            0x080002f9   Thumb Code    28  init.o(.text)
    __scatterload_rt2                        0x080002f9   Thumb Code     0  init.o(.text)
    BusFault_Handler                         0x0800031d   Thumb Code     2  stm32f4xx_it.o(.text.BusFault_Handler)
    DebugMon_Handler                         0x08000321   Thumb Code     2  stm32f4xx_it.o(.text.DebugMon_Handler)
    Error_Handler                            0x08000325   Thumb Code    10  main.o(.text.Error_Handler)
    HAL_GPIO_Init                            0x08000331   Thumb Code   422  stm32f4xx_hal_gpio.o(.text.HAL_GPIO_Init)
    HAL_GPIO_ReadPin                         0x080004d9   Thumb Code    10  stm32f4xx_hal_gpio.o(.text.HAL_GPIO_ReadPin)
    HAL_GPIO_TogglePin                       0x080004e5   Thumb Code    16  stm32f4xx_hal_gpio.o(.text.HAL_GPIO_TogglePin)
    HAL_GPIO_WritePin                        0x080004f5   Thumb Code    10  stm32f4xx_hal_gpio.o(.text.HAL_GPIO_WritePin)
    HAL_GetTick                              0x08000501   Thumb Code    12  stm32f4xx_hal.o(.text.HAL_GetTick)
    HAL_IncTick                              0x0800050d   Thumb Code    26  stm32f4xx_hal.o(.text.HAL_IncTick)
    HAL_Init                                 0x08000529   Thumb Code    54  stm32f4xx_hal.o(.text.HAL_Init)
    HAL_InitTick                             0x08000561   Thumb Code    72  stm32f4xx_hal.o(.text.HAL_InitTick)
    HAL_MspInit                              0x080005a9   Thumb Code    66  stm32f4xx_hal_msp.o(.text.HAL_MspInit)
    HAL_NVIC_SetPriority                     0x080005ed   Thumb Code    86  stm32f4xx_hal_cortex.o(.text.HAL_NVIC_SetPriority)
    HAL_NVIC_SetPriorityGrouping             0x08000645   Thumb Code    32  stm32f4xx_hal_cortex.o(.text.HAL_NVIC_SetPriorityGrouping)
    HAL_RCC_ClockConfig                      0x08000665   Thumb Code   352  stm32f4xx_hal_rcc.o(.text.HAL_RCC_ClockConfig)
    HAL_RCC_GetPCLK1Freq                     0x080007c5   Thumb Code    38  stm32f4xx_hal_rcc.o(.text.HAL_RCC_GetPCLK1Freq)
    HAL_RCC_GetPCLK2Freq                     0x080007ed   Thumb Code    38  stm32f4xx_hal_rcc.o(.text.HAL_RCC_GetPCLK2Freq)
    HAL_RCC_GetSysClockFreq                  0x08000815   Thumb Code   108  stm32f4xx_hal_rcc.o(.text.HAL_RCC_GetSysClockFreq)
    HAL_RCC_OscConfig                        0x08000881   Thumb Code   884  stm32f4xx_hal_rcc.o(.text.HAL_RCC_OscConfig)
    HAL_SPI_Init                             0x08000bf5   Thumb Code   180  stm32f4xx_hal_spi.o(.text.HAL_SPI_Init)
    HAL_SPI_MspInit                          0x08000ca9   Thumb Code   106  spi.o(.text.HAL_SPI_MspInit)
    HAL_SPI_Transmit                         0x08000d15   Thumb Code   594  stm32f4xx_hal_spi.o(.text.HAL_SPI_Transmit)
    HAL_SYSTICK_Config                       0x08000f69   Thumb Code    44  stm32f4xx_hal_cortex.o(.text.HAL_SYSTICK_Config)
    HAL_UART_Init                            0x08000f95   Thumb Code    94  stm32f4xx_hal_uart.o(.text.HAL_UART_Init)
    HAL_UART_MspInit                         0x08000ff5   Thumb Code   108  usart.o(.text.HAL_UART_MspInit)
    HardFault_Handler                        0x08001061   Thumb Code     2  stm32f4xx_it.o(.text.HardFault_Handler)
    Init_Max7219                             0x08001065   Thumb Code   338  max7219_7segment.o(.text.Init_Max7219)
    MX_FREERTOS_Init                         0x080011b9   Thumb Code    36  freertos.o(.text.MX_FREERTOS_Init)
    MX_GPIO_Init                             0x080011dd   Thumb Code   246  gpio.o(.text.MX_GPIO_Init)
    MX_SPI1_Init                             0x080012d5   Thumb Code    74  spi.o(.text.MX_SPI1_Init)
    MX_USART3_UART_Init                      0x08001321   Thumb Code    60  usart.o(.text.MX_USART3_UART_Init)
    MemManage_Handler                        0x0800135d   Thumb Code     2  stm32f4xx_it.o(.text.MemManage_Handler)
    NMI_Handler                              0x08001361   Thumb Code     2  stm32f4xx_it.o(.text.NMI_Handler)
    PendSV_Handler                           0x08001371   Thumb Code   100  port.o(.text.PendSV_Handler)
    SVC_Handler                              0x080014c1   Thumb Code    36  port.o(.text.SVC_Handler)
    StartDefaultTask                         0x080014e5   Thumb Code     8  freertos.o(.text.StartDefaultTask)
    SysTick_Handler                          0x080014ed   Thumb Code    24  stm32f4xx_it.o(.text.SysTick_Handler)
    SystemClock_Config                       0x08001505   Thumb Code   176  main.o(.text.SystemClock_Config)
    SystemInit                               0x080015b5   Thumb Code    18  system_stm32f4xx.o(.text.SystemInit)
    UsageFault_Handler                       0x080016b9   Thumb Code     2  stm32f4xx_it.o(.text.UsageFault_Handler)
    Write_Max7219                            0x080016bd   Thumb Code    84  max7219_7segment.o(.text.Write_Max7219)
    fputc                                    0x08001711   Thumb Code    40  usart.o(.text.fputc)
    main                                     0x08001739   Thumb Code   144  main.o(.text.main)
    osDelay                                  0x08001805   Thumb Code    32  cmsis_os2.o(.text.osDelay)
    osKernelInitialize                       0x08001825   Thumb Code    40  cmsis_os2.o(.text.osKernelInitialize)
    osKernelStart                            0x0800184d   Thumb Code    60  cmsis_os2.o(.text.osKernelStart)
    osThreadNew                              0x08001889   Thumb Code   174  cmsis_os2.o(.text.osThreadNew)
    pvPortMalloc                             0x080021dd   Thumb Code   522  heap_4.o(.text.pvPortMalloc)
    pxPortInitialiseStack                    0x080023e9   Thumb Code    40  port.o(.text.pxPortInitialiseStack)
    task7Segment                             0x08002411   Thumb Code   256  main.o(.text.task7Segment)
    taskBtn                                  0x08002515   Thumb Code   244  main.o(.text.taskBtn)
    uxListRemove                             0x08002675   Thumb Code    36  list.o(.text.uxListRemove)
    vApplicationGetIdleTaskMemory            0x08002699   Thumb Code    26  cmsis_os2.o(.text.vApplicationGetIdleTaskMemory)
    vApplicationGetTimerTaskMemory           0x080026b5   Thumb Code    28  cmsis_os2.o(.text.vApplicationGetTimerTaskMemory)
    vListInitialise                          0x080026d1   Thumb Code    22  list.o(.text.vListInitialise)
    vListInitialiseItem                      0x080026e9   Thumb Code     6  list.o(.text.vListInitialiseItem)
    vListInsert                              0x080026f1   Thumb Code    98  list.o(.text.vListInsert)
    vListInsertEnd                           0x08002755   Thumb Code    28  list.o(.text.vListInsertEnd)
    vPortEnterCritical                       0x08002785   Thumb Code    70  port.o(.text.vPortEnterCritical)
    vPortExitCritical                        0x080027cd   Thumb Code    46  port.o(.text.vPortExitCritical)
    vPortFree                                0x080027fd   Thumb Code   212  heap_4.o(.text.vPortFree)
    vPortSetupTimerInterrupt                 0x080028d1   Thumb Code    52  port.o(.text.vPortSetupTimerInterrupt)
    vQueueAddToRegistry                      0x08002905   Thumb Code   176  queue.o(.text.vQueueAddToRegistry)
    vQueueWaitForMessageRestricted           0x080029b5   Thumb Code    82  queue.o(.text.vQueueWaitForMessageRestricted)
    vTaskDelay                               0x08002a09   Thumb Code   128  tasks.o(.text.vTaskDelay)
    vTaskInternalSetTimeOutState             0x08002a89   Thumb Code    18  tasks.o(.text.vTaskInternalSetTimeOutState)
    vTaskMissedYield                         0x08002a9d   Thumb Code    14  tasks.o(.text.vTaskMissedYield)
    vTaskPlaceOnEventList                    0x08002aad   Thumb Code   116  tasks.o(.text.vTaskPlaceOnEventList)
    vTaskPlaceOnEventListRestricted          0x08002b21   Thumb Code   122  tasks.o(.text.vTaskPlaceOnEventListRestricted)
    vTaskStartScheduler                      0x08002b9d   Thumb Code   232  tasks.o(.text.vTaskStartScheduler)
    vTaskSuspendAll                          0x08002c8d   Thumb Code    16  tasks.o(.text.vTaskSuspendAll)
    vTaskSwitchContext                       0x08002c9d   Thumb Code   188  tasks.o(.text.vTaskSwitchContext)
    xPortStartScheduler                      0x08002d59   Thumb Code   388  port.o(.text.xPortStartScheduler)
    xPortSysTickHandler                      0x08002edd   Thumb Code    46  port.o(.text.xPortSysTickHandler)
    xQueueGenericCreate                      0x08002f0d   Thumb Code   134  queue.o(.text.xQueueGenericCreate)
    xQueueGenericCreateStatic                0x08002f95   Thumb Code   222  queue.o(.text.xQueueGenericCreateStatic)
    xQueueGenericSend                        0x08003075   Thumb Code   554  queue.o(.text.xQueueGenericSend)
    xQueueReceive                            0x080032a1   Thumb Code   418  queue.o(.text.xQueueReceive)
    xTaskCheckForTimeOut                     0x08003445   Thumb Code   162  tasks.o(.text.xTaskCheckForTimeOut)
    xTaskCreate                              0x080034e9   Thumb Code    96  tasks.o(.text.xTaskCreate)
    xTaskCreateStatic                        0x08003549   Thumb Code   118  tasks.o(.text.xTaskCreateStatic)
    xTaskGetSchedulerState                   0x080035c1   Thumb Code    30  tasks.o(.text.xTaskGetSchedulerState)
    xTaskGetTickCount                        0x080035e1   Thumb Code    12  tasks.o(.text.xTaskGetTickCount)
    xTaskIncrementTick                       0x080035ed   Thumb Code   260  tasks.o(.text.xTaskIncrementTick)
    xTaskPriorityDisinherit                  0x080036f1   Thumb Code   138  tasks.o(.text.xTaskPriorityDisinherit)
    xTaskRemoveFromEventList                 0x0800377d   Thumb Code   114  tasks.o(.text.xTaskRemoveFromEventList)
    xTaskResumeAll                           0x080037f1   Thumb Code   238  tasks.o(.text.xTaskResumeAll)
    xTimerCreateTimerTask                    0x080038e1   Thumb Code   172  timers.o(.text.xTimerCreateTimerTask)
    __0snprintf$6                            0x08003995   Thumb Code    48  printf6.o(i.__0snprintf$6)
    __1snprintf$6                            0x08003995   Thumb Code     0  printf6.o(i.__0snprintf$6)
    __2snprintf                              0x08003995   Thumb Code     0  printf6.o(i.__0snprintf$6)
    __scatterload_copy                       0x080039c9   Thumb Code    14  handlers.o(i.__scatterload_copy)
    __scatterload_null                       0x080039d7   Thumb Code     2  handlers.o(i.__scatterload_null)
    __scatterload_zeroinit                   0x080039d9   Thumb Code    14  handlers.o(i.__scatterload_zeroinit)
    puts                                     0x08003d41   Thumb Code    30  puts.o(i.puts)
    AHBPrescTable                            0x08003d64   Data          16  system_stm32f4xx.o(.rodata.AHBPrescTable)
    APBPrescTable                            0x08003d74   Data           8  system_stm32f4xx.o(.rodata.APBPrescTable)
    defaultTask_attributes                   0x08003d7c   Data          36  freertos.o(.rodata.defaultTask_attributes)
    Region$$Table$$Base                      0x08003dc8   Number         0  anon$$obj.o(Region$$Table)
    Region$$Table$$Limit                     0x08003de8   Number         0  anon$$obj.o(Region$$Table)
    __stdout                                 0x20000000   Data           4  stdout.o(.data)
    uwTickFreq                               0x20000004   Data           1  stm32f4xx_hal.o(.data..L_MergedGlobals)
    uwTickPrio                               0x20000008   Data           4  stm32f4xx_hal.o(.data..L_MergedGlobals)
    SystemCoreClock                          0x2000000c   Data           4  system_stm32f4xx.o(.data.SystemCoreClock)
    queueSwitch                              0x20000018   Data           4  main.o(.bss..L_MergedGlobals)
    handle7Segment                           0x2000001c   Data           4  main.o(.bss..L_MergedGlobals)
    handleBtn                                0x20000020   Data           4  main.o(.bss..L_MergedGlobals)
    pxCurrentTCB                             0x20000024   Data           4  tasks.o(.bss..L_MergedGlobals)
    defaultTaskHandle                        0x2000012c   Data           4  freertos.o(.bss.defaultTaskHandle)
    hspi1                                    0x20000130   Data          88  spi.o(.bss.hspi1)
    huart3                                   0x20000188   Data          68  usart.o(.bss.huart3)
    uwTick                                   0x2000431c   Data           4  stm32f4xx_hal.o(.bss.uwTick)
    xQueueRegistry                           0x200049d8   Data          64  queue.o(.bss.xQueueRegistry)
    __initial_sp                             0x20004e18   Data           0  startup_stm32f429xx.o(STACK)



==============================================================================

Memory Map of the image

  Image Entry point : 0x080001ad

  Load Region LR_IROM1 (Base: 0x08000000, Size: 0x00003e00, Max: 0x00200000, ABSOLUTE)

    Execution Region ER_IROM1 (Exec base: 0x08000000, Load base: 0x08000000, Size: 0x00003de8, Max: 0x00200000, ABSOLUTE)

    Exec Addr    Load Addr    Size         Type   Attr      Idx    E Section Name        Object

    0x08000000   0x08000000   0x000001ac   Data   RO            3    RESET               startup_stm32f429xx.o
    0x080001ac   0x080001ac   0x00000000   Code   RO         1350  * .ARM.Collect$$$$00000000  mc_w.l(entry.o)
    0x080001ac   0x080001ac   0x00000004   Code   RO         1626    .ARM.Collect$$$$00000001  mc_w.l(entry2.o)
    0x080001b0   0x080001b0   0x00000004   Code   RO         1629    .ARM.Collect$$$$00000004  mc_w.l(entry5.o)
    0x080001b4   0x080001b4   0x00000000   Code   RO         1631    .ARM.Collect$$$$00000008  mc_w.l(entry7b.o)
    0x080001b4   0x080001b4   0x00000000   Code   RO         1633    .ARM.Collect$$$$0000000A  mc_w.l(entry8b.o)
    0x080001b4   0x080001b4   0x00000008   Code   RO         1634    .ARM.Collect$$$$0000000B  mc_w.l(entry9a.o)
    0x080001bc   0x080001bc   0x00000000   Code   RO         1636    .ARM.Collect$$$$0000000D  mc_w.l(entry10a.o)
    0x080001bc   0x080001bc   0x00000000   Code   RO         1638    .ARM.Collect$$$$0000000F  mc_w.l(entry11a.o)
    0x080001bc   0x080001bc   0x00000004   Code   RO         1627    .ARM.Collect$$$$00002712  mc_w.l(entry2.o)
    0x080001c0   0x080001c0   0x00000024   Code   RO            4    .text               startup_stm32f429xx.o
    0x080001e4   0x080001e4   0x00000062   Code   RO         1357    .text               mc_w.l(uldiv.o)
    0x08000246   0x08000246   0x00000024   Code   RO         1359    .text               mc_w.l(memcpya.o)
    0x0800026a   0x0800026a   0x00000024   Code   RO         1361    .text               mc_w.l(memseta.o)
    0x0800028e   0x0800028e   0x0000002c   Code   RO         1650    .text               mc_w.l(uidiv.o)
    0x080002ba   0x080002ba   0x0000001e   Code   RO         1652    .text               mc_w.l(llshl.o)
    0x080002d8   0x080002d8   0x00000020   Code   RO         1654    .text               mc_w.l(llushr.o)
    0x080002f8   0x080002f8   0x00000024   Code   RO         1667    .text               mc_w.l(init.o)
    0x0800031c   0x0800031c   0x00000002   Code   RO           93    .text.BusFault_Handler  stm32f4xx_it.o
    0x0800031e   0x0800031e   0x00000002   PAD
    0x08000320   0x08000320   0x00000002   Code   RO           97    .text.DebugMon_Handler  stm32f4xx_it.o
    0x08000322   0x08000322   0x00000002   PAD
    0x08000324   0x08000324   0x0000000a   Code   RO           19    .text.Error_Handler  main.o
    0x0800032e   0x0800032e   0x00000002   PAD
    0x08000330   0x08000330   0x000001a6   Code   RO          241    .text.HAL_GPIO_Init  stm32f4xx_hal_gpio.o
    0x080004d6   0x080004d6   0x00000002   PAD
    0x080004d8   0x080004d8   0x0000000a   Code   RO          245    .text.HAL_GPIO_ReadPin  stm32f4xx_hal_gpio.o
    0x080004e2   0x080004e2   0x00000002   PAD
    0x080004e4   0x080004e4   0x00000010   Code   RO          249    .text.HAL_GPIO_TogglePin  stm32f4xx_hal_gpio.o
    0x080004f4   0x080004f4   0x0000000a   Code   RO          247    .text.HAL_GPIO_WritePin  stm32f4xx_hal_gpio.o
    0x080004fe   0x080004fe   0x00000002   PAD
    0x08000500   0x08000500   0x0000000c   Code   RO          438    .text.HAL_GetTick   stm32f4xx_hal.o
    0x0800050c   0x0800050c   0x0000001a   Code   RO          436    .text.HAL_IncTick   stm32f4xx_hal.o
    0x08000526   0x08000526   0x00000002   PAD
    0x08000528   0x08000528   0x00000036   Code   RO          426    .text.HAL_Init      stm32f4xx_hal.o
    0x0800055e   0x0800055e   0x00000002   PAD
    0x08000560   0x08000560   0x00000048   Code   RO          428    .text.HAL_InitTick  stm32f4xx_hal.o
    0x080005a8   0x080005a8   0x00000042   Code   RO          108    .text.HAL_MspInit   stm32f4xx_hal_msp.o
    0x080005ea   0x080005ea   0x00000002   PAD
    0x080005ec   0x080005ec   0x00000056   Code   RO          382    .text.HAL_NVIC_SetPriority  stm32f4xx_hal_cortex.o
    0x08000642   0x08000642   0x00000002   PAD
    0x08000644   0x08000644   0x00000020   Code   RO          380    .text.HAL_NVIC_SetPriorityGrouping  stm32f4xx_hal_cortex.o
    0x08000664   0x08000664   0x00000160   Code   RO          121    .text.HAL_RCC_ClockConfig  stm32f4xx_hal_rcc.o
    0x080007c4   0x080007c4   0x00000026   Code   RO          133    .text.HAL_RCC_GetPCLK1Freq  stm32f4xx_hal_rcc.o
    0x080007ea   0x080007ea   0x00000002   PAD
    0x080007ec   0x080007ec   0x00000026   Code   RO          135    .text.HAL_RCC_GetPCLK2Freq  stm32f4xx_hal_rcc.o
    0x08000812   0x08000812   0x00000002   PAD
    0x08000814   0x08000814   0x0000006c   Code   RO          123    .text.HAL_RCC_GetSysClockFreq  stm32f4xx_hal_rcc.o
    0x08000880   0x08000880   0x00000374   Code   RO          119    .text.HAL_RCC_OscConfig  stm32f4xx_hal_rcc.o
    0x08000bf4   0x08000bf4   0x000000b4   Code   RO          520    .text.HAL_SPI_Init  stm32f4xx_hal_spi.o
    0x08000ca8   0x08000ca8   0x0000006a   Code   RO           57    .text.HAL_SPI_MspInit  spi.o
    0x08000d12   0x08000d12   0x00000002   PAD
    0x08000d14   0x08000d14   0x00000252   Code   RO          528    .text.HAL_SPI_Transmit  stm32f4xx_hal_spi.o
    0x08000f66   0x08000f66   0x00000002   PAD
    0x08000f68   0x08000f68   0x0000002c   Code   RO          392    .text.HAL_SYSTICK_Config  stm32f4xx_hal_cortex.o
    0x08000f94   0x08000f94   0x0000005e   Code   RO          636    .text.HAL_UART_Init  stm32f4xx_hal_uart.o
    0x08000ff2   0x08000ff2   0x00000002   PAD
    0x08000ff4   0x08000ff4   0x0000006c   Code   RO           72    .text.HAL_UART_MspInit  usart.o
    0x08001060   0x08001060   0x00000002   Code   RO           89    .text.HardFault_Handler  stm32f4xx_it.o
    0x08001062   0x08001062   0x00000002   PAD
    0x08001064   0x08001064   0x00000152   Code   RO         1341    .text.Init_Max7219  max7219_7segment.o
    0x080011b6   0x080011b6   0x00000002   PAD
    0x080011b8   0x080011b8   0x00000024   Code   RO           41    .text.MX_FREERTOS_Init  freertos.o
    0x080011dc   0x080011dc   0x000000f6   Code   RO           32    .text.MX_GPIO_Init  gpio.o
    0x080012d2   0x080012d2   0x00000002   PAD
    0x080012d4   0x080012d4   0x0000004a   Code   RO           55    .text.MX_SPI1_Init  spi.o
    0x0800131e   0x0800131e   0x00000002   PAD
    0x08001320   0x08001320   0x0000003c   Code   RO           70    .text.MX_USART3_UART_Init  usart.o
    0x0800135c   0x0800135c   0x00000002   Code   RO           91    .text.MemManage_Handler  stm32f4xx_it.o
    0x0800135e   0x0800135e   0x00000002   PAD
    0x08001360   0x08001360   0x00000002   Code   RO           87    .text.NMI_Handler   stm32f4xx_it.o
    0x08001362   0x08001362   0x0000000e   PAD
    0x08001370   0x08001370   0x00000064   Code   RO         1323    .text.PendSV_Handler  port.o
    0x080013d4   0x080013d4   0x000000e4   Code   RO          624    .text.SPI_WaitFlagStateUntilTimeout  stm32f4xx_hal_spi.o
    0x080014b8   0x080014b8   0x00000008   PAD
    0x080014c0   0x080014c0   0x00000024   Code   RO         1307    .text.SVC_Handler   port.o
    0x080014e4   0x080014e4   0x00000008   Code   RO           43    .text.StartDefaultTask  freertos.o
    0x080014ec   0x080014ec   0x00000018   Code   RO           99    .text.SysTick_Handler  stm32f4xx_it.o
    0x08001504   0x08001504   0x000000b0   Code   RO           17    .text.SystemClock_Config  main.o
    0x080015b4   0x080015b4   0x00000012   Code   RO          756    .text.SystemInit    system_stm32f4xx.o
    0x080015c6   0x080015c6   0x00000002   PAD
    0x080015c8   0x080015c8   0x000000ee   Code   RO          640    .text.UART_SetConfig  stm32f4xx_hal_uart.o
    0x080016b6   0x080016b6   0x00000002   PAD
    0x080016b8   0x080016b8   0x00000002   Code   RO           95    .text.UsageFault_Handler  stm32f4xx_it.o
    0x080016ba   0x080016ba   0x00000002   PAD
    0x080016bc   0x080016bc   0x00000054   Code   RO         1339    .text.Write_Max7219  max7219_7segment.o
    0x08001710   0x08001710   0x00000028   Code   RO           76    .text.fputc         usart.o
    0x08001738   0x08001738   0x000000cc   Code   RO           15    .text.main          main.o
    0x08001804   0x08001804   0x00000020   Code   RO         1178    .text.osDelay       cmsis_os2.o
    0x08001824   0x08001824   0x00000028   Code   RO         1120    .text.osKernelInitialize  cmsis_os2.o
    0x0800184c   0x0800184c   0x0000003c   Code   RO         1126    .text.osKernelStart  cmsis_os2.o
    0x08001888   0x08001888   0x000000ae   Code   RO         1142    .text.osThreadNew   cmsis_os2.o
    0x08001936   0x08001936   0x00000002   PAD
    0x08001938   0x08001938   0x0000028a   Code   RO          955    .text.prvAddNewTaskToReadyList  tasks.o
    0x08001bc2   0x08001bc2   0x00000002   PAD
    0x08001bc4   0x08001bc4   0x00000086   Code   RO          987    .text.prvIdleTask   tasks.o
    0x08001c4a   0x08001c4a   0x00000002   PAD
    0x08001c4c   0x08001c4c   0x00000128   Code   RO          953    .text.prvInitialiseNewTask  tasks.o
    0x08001d74   0x08001d74   0x00000028   Code   RO         1315    .text.prvPortStartFirstTask  port.o
    0x08001d9c   0x08001d9c   0x0000003e   Code   RO         1305    .text.prvTaskExitError  port.o
    0x08001dda   0x08001dda   0x00000002   PAD
    0x08001ddc   0x08001ddc   0x0000038a   Code   RO         1072    .text.prvTimerTask  timers.o
    0x08002166   0x08002166   0x00000002   PAD
    0x08002168   0x08002168   0x00000074   Code   RO          852    .text.prvUnlockQueue  queue.o
    0x080021dc   0x080021dc   0x0000020a   Code   RO         1281    .text.pvPortMalloc  heap_4.o
    0x080023e6   0x080023e6   0x00000002   PAD
    0x080023e8   0x080023e8   0x00000028   Code   RO         1303    .text.pxPortInitialiseStack  port.o
    0x08002410   0x08002410   0x00000104   Code   RO           11    .text.task7Segment  main.o
    0x08002514   0x08002514   0x00000160   Code   RO           13    .text.taskBtn       main.o
    0x08002674   0x08002674   0x00000024   Code   RO          816    .text.uxListRemove  list.o
    0x08002698   0x08002698   0x0000001a   Code   RO         1264    .text.vApplicationGetIdleTaskMemory  cmsis_os2.o
    0x080026b2   0x080026b2   0x00000002   PAD
    0x080026b4   0x080026b4   0x0000001c   Code   RO         1266    .text.vApplicationGetTimerTaskMemory  cmsis_os2.o
    0x080026d0   0x080026d0   0x00000016   Code   RO          808    .text.vListInitialise  list.o
    0x080026e6   0x080026e6   0x00000002   PAD
    0x080026e8   0x080026e8   0x00000006   Code   RO          810    .text.vListInitialiseItem  list.o
    0x080026ee   0x080026ee   0x00000002   PAD
    0x080026f0   0x080026f0   0x00000062   Code   RO          814    .text.vListInsert   list.o
    0x08002752   0x08002752   0x00000002   PAD
    0x08002754   0x08002754   0x0000001c   Code   RO          812    .text.vListInsertEnd  list.o
    0x08002770   0x08002770   0x00000014   Code   RO         1313    .text.vPortEnableVFP  port.o
    0x08002784   0x08002784   0x00000046   Code   RO         1319    .text.vPortEnterCritical  port.o
    0x080027ca   0x080027ca   0x00000002   PAD
    0x080027cc   0x080027cc   0x0000002e   Code   RO         1321    .text.vPortExitCritical  port.o
    0x080027fa   0x080027fa   0x00000002   PAD
    0x080027fc   0x080027fc   0x000000d4   Code   RO         1283    .text.vPortFree     heap_4.o
    0x080028d0   0x080028d0   0x00000034   Code   RO         1311    .text.vPortSetupTimerInterrupt  port.o
    0x08002904   0x08002904   0x000000b0   Code   RO          886    .text.vQueueAddToRegistry  queue.o
    0x080029b4   0x080029b4   0x00000052   Code   RO          890    .text.vQueueWaitForMessageRestricted  queue.o
    0x08002a06   0x08002a06   0x00000002   PAD
    0x08002a08   0x08002a08   0x00000080   Code   RO          967    .text.vTaskDelay    tasks.o
    0x08002a88   0x08002a88   0x00000012   Code   RO         1017    .text.vTaskInternalSetTimeOutState  tasks.o
    0x08002a9a   0x08002a9a   0x00000002   PAD
    0x08002a9c   0x08002a9c   0x0000000e   Code   RO         1021    .text.vTaskMissedYield  tasks.o
    0x08002aaa   0x08002aaa   0x00000002   PAD
    0x08002aac   0x08002aac   0x00000074   Code   RO         1005    .text.vTaskPlaceOnEventList  tasks.o
    0x08002b20   0x08002b20   0x0000007a   Code   RO         1009    .text.vTaskPlaceOnEventListRestricted  tasks.o
    0x08002b9a   0x08002b9a   0x00000002   PAD
    0x08002b9c   0x08002b9c   0x000000f0   Code   RO          985    .text.vTaskStartScheduler  tasks.o
    0x08002c8c   0x08002c8c   0x00000010   Code   RO          963    .text.vTaskSuspendAll  tasks.o
    0x08002c9c   0x08002c9c   0x000000bc   Code   RO          979    .text.vTaskSwitchContext  tasks.o
    0x08002d58   0x08002d58   0x00000184   Code   RO         1309    .text.xPortStartScheduler  port.o
    0x08002edc   0x08002edc   0x0000002e   Code   RO         1325    .text.xPortSysTickHandler  port.o
    0x08002f0a   0x08002f0a   0x00000002   PAD
    0x08002f0c   0x08002f0c   0x00000086   Code   RO          830    .text.xQueueGenericCreate  queue.o
    0x08002f92   0x08002f92   0x00000002   PAD
    0x08002f94   0x08002f94   0x000000de   Code   RO          828    .text.xQueueGenericCreateStatic  queue.o
    0x08003072   0x08003072   0x00000002   PAD
    0x08003074   0x08003074   0x0000022a   Code   RO          842    .text.xQueueGenericSend  queue.o
    0x0800329e   0x0800329e   0x00000002   PAD
    0x080032a0   0x080032a0   0x000001a2   Code   RO          858    .text.xQueueReceive  queue.o
    0x08003442   0x08003442   0x00000002   PAD
    0x08003444   0x08003444   0x000000a2   Code   RO         1019    .text.xTaskCheckForTimeOut  tasks.o
    0x080034e6   0x080034e6   0x00000002   PAD
    0x080034e8   0x080034e8   0x00000060   Code   RO          957    .text.xTaskCreate   tasks.o
    0x08003548   0x08003548   0x00000076   Code   RO          951    .text.xTaskCreateStatic  tasks.o
    0x080035be   0x080035be   0x00000002   PAD
    0x080035c0   0x080035c0   0x0000001e   Code   RO         1033    .text.xTaskGetSchedulerState  tasks.o
    0x080035de   0x080035de   0x00000002   PAD
    0x080035e0   0x080035e0   0x0000000c   Code   RO          993    .text.xTaskGetTickCount  tasks.o
    0x080035ec   0x080035ec   0x00000104   Code   RO          991    .text.xTaskIncrementTick  tasks.o
    0x080036f0   0x080036f0   0x0000008a   Code   RO         1037    .text.xTaskPriorityDisinherit  tasks.o
    0x0800377a   0x0800377a   0x00000002   PAD
    0x0800377c   0x0800377c   0x00000072   Code   RO         1011    .text.xTaskRemoveFromEventList  tasks.o
    0x080037ee   0x080037ee   0x00000002   PAD
    0x080037f0   0x080037f0   0x000000ee   Code   RO          965    .text.xTaskResumeAll  tasks.o
    0x080038de   0x080038de   0x00000002   PAD
    0x080038e0   0x080038e0   0x000000b4   Code   RO         1070    .text.xTimerCreateTimerTask  timers.o
    0x08003994   0x08003994   0x00000034   Code   RO         1521    i.__0snprintf$6     mc_w.l(printf6.o)
    0x080039c8   0x080039c8   0x0000000e   Code   RO         1675    i.__scatterload_copy  mc_w.l(handlers.o)
    0x080039d6   0x080039d6   0x00000002   Code   RO         1676    i.__scatterload_null  mc_w.l(handlers.o)
    0x080039d8   0x080039d8   0x0000000e   Code   RO         1677    i.__scatterload_zeroinit  mc_w.l(handlers.o)
    0x080039e6   0x080039e6   0x00000002   PAD
    0x080039e8   0x080039e8   0x000002f0   Code   RO         1527    i._printf_core      mc_w.l(printf6.o)
    0x08003cd8   0x08003cd8   0x00000024   Code   RO         1528    i._printf_post_padding  mc_w.l(printf6.o)
    0x08003cfc   0x08003cfc   0x0000002e   Code   RO         1529    i._printf_pre_padding  mc_w.l(printf6.o)
    0x08003d2a   0x08003d2a   0x00000016   Code   RO         1530    i._snputc           mc_w.l(printf6.o)
    0x08003d40   0x08003d40   0x00000024   Code   RO         1353    i.puts              mc_w.l(puts.o)
    0x08003d64   0x08003d64   0x00000010   Data   RO          761    .rodata.AHBPrescTable  system_stm32f4xx.o
    0x08003d74   0x08003d74   0x00000008   Data   RO          762    .rodata.APBPrescTable  system_stm32f4xx.o
    0x08003d7c   0x08003d7c   0x00000024   Data   RO           46    .rodata.defaultTask_attributes  freertos.o
    0x08003da0   0x08003da0   0x00000017   Data   RO           21    .rodata.str1.1      main.o
    0x08003db7   0x08003db7   0x0000000c   Data   RO           45    .rodata.str1.1      freertos.o
    0x08003dc3   0x08003dc3   0x00000005   Data   RO         1110    .rodata.str1.1      timers.o
    0x08003dc8   0x08003dc8   0x00000020   Data   RO         1674    Region$$Table       anon$$obj.o


    Execution Region RW_IRAM2 (Exec base: 0x10000000, Load base: 0x08003e00, Size: 0x00000000, Max: 0x00010000, ABSOLUTE)

    **** No section assigned to this execution region ****


    Execution Region RW_IRAM1 (Exec base: 0x20000000, Load base: 0x08003de8, Size: 0x00004e18, Max: 0x00030000, ABSOLUTE)

    Exec Addr    Load Addr    Size         Type   Attr      Idx    E Section Name        Object

    0x20000000   0x08003de8   0x00000004   Data   RW         1640    .data               mc_w.l(stdout.o)
    0x20000004   0x08003dec   0x00000008   Data   RW          485    .data..L_MergedGlobals  stm32f4xx_hal.o
    0x2000000c   0x08003df4   0x00000004   Data   RW          760    .data.SystemCoreClock  system_stm32f4xx.o
    0x20000010   0x08003df8   0x00000004   Data   RW         1329    .data.uxCriticalNesting  port.o
    0x20000014   0x08003dfc   0x00000004   PAD
    0x20000018        -       0x0000000c   Zero   RW           23    .bss..L_MergedGlobals  main.o
    0x20000024        -       0x00000078   Zero   RW         1060    .bss..L_MergedGlobals  tasks.o
    0x2000009c        -       0x0000003c   Zero   RW         1111    .bss..L_MergedGlobals  timers.o
    0x200000d8        -       0x00000020   Zero   RW         1294    .bss..L_MergedGlobals  heap_4.o
    0x200000f8        -       0x00000008   Zero   RW         1330    .bss..L_MergedGlobals  port.o
    0x20000100        -       0x00000028   Zero   RW         1061    .bss..L_MergedGlobals.1  tasks.o
    0x20000128        -       0x00000004   Zero   RW         1268    .bss.KernelState    cmsis_os2.o
    0x2000012c        -       0x00000004   Zero   RW           47    .bss.defaultTaskHandle  freertos.o
    0x20000130        -       0x00000058   Zero   RW           61    .bss.hspi1          spi.o
    0x20000188        -       0x00000044   Zero   RW           78    .bss.huart3         usart.o
    0x200001cc        -       0x000000a0   Zero   RW         1109    .bss.prvCheckForValidListAndQueue.ucStaticTimerQueueStorage  timers.o
    0x2000026c        -       0x00000050   Zero   RW         1108    .bss.prvCheckForValidListAndQueue.xStaticTimerQueue  timers.o
    0x200002bc        -       0x00000460   Zero   RW         1059    .bss.pxReadyTasksLists  tasks.o
    0x2000071c        -       0x00003c00   Zero   RW         1293    .bss.ucHeap         heap_4.o
    0x2000431c        -       0x00000004   Zero   RW          484    .bss.uwTick         stm32f4xx_hal.o
    0x20004320        -       0x00000200   Zero   RW         1270    .bss.vApplicationGetIdleTaskMemory.Idle_Stack  cmsis_os2.o
    0x20004520        -       0x0000005c   Zero   RW         1269    .bss.vApplicationGetIdleTaskMemory.Idle_TCB  cmsis_os2.o
    0x2000457c        -       0x00000400   Zero   RW         1272    .bss.vApplicationGetTimerTaskMemory.Timer_Stack  cmsis_os2.o
    0x2000497c        -       0x0000005c   Zero   RW         1271    .bss.vApplicationGetTimerTaskMemory.Timer_TCB  cmsis_os2.o
    0x200049d8        -       0x00000040   Zero   RW          892    .bss.xQueueRegistry  queue.o
    0x20004a18        -       0x00000400   Zero   RW            1    STACK               startup_stm32f429xx.o


==============================================================================

Image component sizes


      Code (inc. data)   RO Data    RW Data    ZI Data      Debug   Object Name

       360          0          0          0       1724      44573   cmsis_os2.o
        44          0         48          0          4       2804   freertos.o
       246          0          0          0          0       2301   gpio.o
       734          0          0          0      15392       5601   heap_4.o
       190          0          0          0          0       2325   list.o
      1002        172         23          0         12       5352   main.o
       422          0          0          0          0       2747   max7219_7segment.o
       900         16          0          4          8       4184   port.o
      1702          0          0          0         64      28273   queue.o
       180          0          0          0         88       5098   spi.o
        36          8        428          0       1024        836   startup_stm32f429xx.o
       164          0          0          8          4       7691   stm32f4xx_hal.o
       162          0          0          0          0      10683   stm32f4xx_hal_cortex.o
       458          0          0          0          0       5298   stm32f4xx_hal_gpio.o
        66          0          0          0          0       3734   stm32f4xx_hal_msp.o
      1420          0          0          0          0       7463   stm32f4xx_hal_rcc.o
      1002          0          0          0          0      26044   stm32f4xx_hal_spi.o
       332          0          0          0          0      31713   stm32f4xx_hal_uart.o
        36          0          0          0          0       1161   stm32f4xx_it.o
        18          0         24          4          0       2688   system_stm32f4xx.o
      3090          8          0          0       1280      43042   tasks.o
      1086         20          5          0        300      16120   timers.o
       208          0          0          0         68       5467   usart.o

    ----------------------------------------------------------------------
     13980        224        560         16      19972     265198   Object Totals
         0          0         32          0          0          0   (incl. Generated)
       122          0          0          0          4          0   (incl. Padding)

    ----------------------------------------------------------------------

      Code (inc. data)   RO Data    RW Data    ZI Data      Debug   Library Member Name

         0          0          0          0          0          0   entry.o
         0          0          0          0          0          0   entry10a.o
         0          0          0          0          0          0   entry11a.o
         8          4          0          0          0          0   entry2.o
         4          0          0          0          0          0   entry5.o
         0          0          0          0          0          0   entry7b.o
         0          0          0          0          0          0   entry8b.o
         8          4          0          0          0          0   entry9a.o
        30          0          0          0          0          0   handlers.o
        36          8          0          0          0         68   init.o
        30          0          0          0          0         68   llshl.o
        32          0          0          0          0         68   llushr.o
        36          0          0          0          0         68   memcpya.o
        36          0          0          0          0        108   memseta.o
       908          8          0          0          0        424   printf6.o
        36          6          0          0          0         80   puts.o
         0          0          0          4          0          0   stdout.o
        44          0          0          0          0         80   uidiv.o
        98          0          0          0          0         92   uldiv.o

    ----------------------------------------------------------------------
      1308         30          0          4          0       1056   Library Totals
         2          0          0          0          0          0   (incl. Padding)

    ----------------------------------------------------------------------

      Code (inc. data)   RO Data    RW Data    ZI Data      Debug   Library Name

      1306         30          0          4          0       1056   mc_w.l

    ----------------------------------------------------------------------
      1308         30          0          4          0       1056   Library Totals

    ----------------------------------------------------------------------

==============================================================================


      Code (inc. data)   RO Data    RW Data    ZI Data      Debug   

     15288        254        560         20      19972     265518   Grand Totals
     15288        254        560         20      19972     265518   ELF Image Totals
     15288        254        560         20          0          0   ROM Totals

==============================================================================

    Total RO  Size (Code + RO Data)                15848 (  15.48kB)
    Total RW  Size (RW Data + ZI Data)             19992 (  19.52kB)
    Total ROM Size (Code + RO Data + RW Data)      15868 (  15.50kB)

==============================================================================

